Archive member included to satisfy reference by file (symbol)

prebuild\libs\libmqtt_ftp.a(cm_mqtt_client.flash.o)
                              out\obj\custom\custom_main\src\app_mqtt_client.ram.o (cm_mqtt_client_create)
prebuild\libs\libmqtt_ftp.a(cm_mqtt_timing.flash.o)
                              prebuild\libs\libmqtt_ftp.a(cm_mqtt_client.flash.o) (cm_mqtt_timing_create)
prebuild\libs\libmqtt_ftp.a(MQTTConnectClient.flash.o)
                              prebuild\libs\libmqtt_ftp.a(cm_mqtt_client.flash.o) (MQTTSerialize_connectLength)
prebuild\libs\libmqtt_ftp.a(MQTTDeserializePublish.flash.o)
                              prebuild\libs\libmqtt_ftp.a(cm_mqtt_client.flash.o) (MQTTDeserialize_publish)
prebuild\libs\libmqtt_ftp.a(MQTTPacket.flash.o)
                              prebuild\libs\libmqtt_ftp.a(MQTTConnectClient.flash.o) (MQTTPacket_encode)
prebuild\libs\libmqtt_ftp.a(MQTTSerializePublish.flash.o)
                              prebuild\libs\libmqtt_ftp.a(cm_mqtt_client.flash.o) (MQTTSerialize_publishLength)
prebuild\libs\libmqtt_ftp.a(MQTTSubscribeClient.flash.o)
                              prebuild\libs\libmqtt_ftp.a(cm_mqtt_client.flash.o) (MQTTSerialize_subscribeLength)
prebuild\libs\libmqtt_ftp.a(MQTTUnsubscribeClient.flash.o)
                              prebuild\libs\libmqtt_ftp.a(cm_mqtt_client.flash.o) (MQTTSerialize_unsubscribeLength)
prebuild\libs\libmqtt_ftp.a(cm_mqtt_platform.flash.o)
                              prebuild\libs\libmqtt_ftp.a(cm_mqtt_client.flash.o) (cm_mqtt_get_time_s)
prebuild\libs\libmqtt_ftp.a(cm_linklist.flash.o)
                              prebuild\libs\libmqtt_ftp.a(cm_mqtt_client.flash.o) (linklist_create)
d:/work/git_repo/app_tracker/3_software/confidential_ml307c-dc-cn_opencpu_standard_1.0.0.2504221759_release/tools/toolchain/gcc-arm-none-eabi/bin/../lib/gcc/arm-none-eabi/8.3.1/../../../../arm-none-eabi/lib/thumb/v7/nofp\libm.a(lib_a-s_floor.o)
                              out\obj\third-party\cJSONFiles\cJSON\cJSON.flash.o (floor)
d:/work/git_repo/app_tracker/3_software/confidential_ml307c-dc-cn_opencpu_standard_1.0.0.2504221759_release/tools/toolchain/gcc-arm-none-eabi/bin/../lib/gcc/arm-none-eabi/8.3.1/../../../../arm-none-eabi/lib/thumb/v7/nofp\libm.a(lib_a-w_pow.o)
                              out\obj\src\modem\cm_modem.flash.o (pow)
d:/work/git_repo/app_tracker/3_software/confidential_ml307c-dc-cn_opencpu_standard_1.0.0.2504221759_release/tools/toolchain/gcc-arm-none-eabi/bin/../lib/gcc/arm-none-eabi/8.3.1/../../../../arm-none-eabi/lib/thumb/v7/nofp\libm.a(lib_a-e_pow.o)
                              d:/work/git_repo/app_tracker/3_software/confidential_ml307c-dc-cn_opencpu_standard_1.0.0.2504221759_release/tools/toolchain/gcc-arm-none-eabi/bin/../lib/gcc/arm-none-eabi/8.3.1/../../../../arm-none-eabi/lib/thumb/v7/nofp\libm.a(lib_a-w_pow.o) (__ieee754_pow)
d:/work/git_repo/app_tracker/3_software/confidential_ml307c-dc-cn_opencpu_standard_1.0.0.2504221759_release/tools/toolchain/gcc-arm-none-eabi/bin/../lib/gcc/arm-none-eabi/8.3.1/../../../../arm-none-eabi/lib/thumb/v7/nofp\libm.a(lib_a-e_sqrt.o)
                              d:/work/git_repo/app_tracker/3_software/confidential_ml307c-dc-cn_opencpu_standard_1.0.0.2504221759_release/tools/toolchain/gcc-arm-none-eabi/bin/../lib/gcc/arm-none-eabi/8.3.1/../../../../arm-none-eabi/lib/thumb/v7/nofp\libm.a(lib_a-e_pow.o) (__ieee754_sqrt)
d:/work/git_repo/app_tracker/3_software/confidential_ml307c-dc-cn_opencpu_standard_1.0.0.2504221759_release/tools/toolchain/gcc-arm-none-eabi/bin/../lib/gcc/arm-none-eabi/8.3.1/../../../../arm-none-eabi/lib/thumb/v7/nofp\libm.a(lib_a-s_fabs.o)
                              d:/work/git_repo/app_tracker/3_software/confidential_ml307c-dc-cn_opencpu_standard_1.0.0.2504221759_release/tools/toolchain/gcc-arm-none-eabi/bin/../lib/gcc/arm-none-eabi/8.3.1/../../../../arm-none-eabi/lib/thumb/v7/nofp\libm.a(lib_a-e_pow.o) (fabs)
d:/work/git_repo/app_tracker/3_software/confidential_ml307c-dc-cn_opencpu_standard_1.0.0.2504221759_release/tools/toolchain/gcc-arm-none-eabi/bin/../lib/gcc/arm-none-eabi/8.3.1/../../../../arm-none-eabi/lib/thumb/v7/nofp\libm.a(lib_a-s_finite.o)
                              d:/work/git_repo/app_tracker/3_software/confidential_ml307c-dc-cn_opencpu_standard_1.0.0.2504221759_release/tools/toolchain/gcc-arm-none-eabi/bin/../lib/gcc/arm-none-eabi/8.3.1/../../../../arm-none-eabi/lib/thumb/v7/nofp\libm.a(lib_a-w_pow.o) (finite)
d:/work/git_repo/app_tracker/3_software/confidential_ml307c-dc-cn_opencpu_standard_1.0.0.2504221759_release/tools/toolchain/gcc-arm-none-eabi/bin/../lib/gcc/arm-none-eabi/8.3.1/../../../../arm-none-eabi/lib/thumb/v7/nofp\libm.a(lib_a-s_lib_ver.o)
                              d:/work/git_repo/app_tracker/3_software/confidential_ml307c-dc-cn_opencpu_standard_1.0.0.2504221759_release/tools/toolchain/gcc-arm-none-eabi/bin/../lib/gcc/arm-none-eabi/8.3.1/../../../../arm-none-eabi/lib/thumb/v7/nofp\libm.a(lib_a-w_pow.o) (__fdlib_version)
[...]
Memory Configuration

Name             Origin             Length             Attributes
ram              0x7e1d2000         0x00040000         xrw
flash            0x802d7000         0x00080000         xrw
*default*        0x00000000         0xffffffff

Linker script and memory map

LOAD out\obj\src\cm_lib\cm_async_dns_adapt\async_dns_adapt.flash.o
LOAD out\obj\src\cm_lib\cm_ex_codec\cm_ex_codec.flash.o
LOAD out\obj\src\cm_lib\cm_ntp\cm_ntp.flash.o
LOAD out\obj\src\cm_lib\cm_ssl_adapt\ssl_adapt.flash.o
LOAD out\obj\src\cm_sim\cm_sim.flash.o
LOAD out\obj\src\modem\cm_modem.flash.o
LOAD out\obj\third-party\mbedtls\library\aes.flash.o
LOAD out\obj\third-party\mbedtls\library\asn1parse.flash.o
LOAD out\obj\third-party\mbedtls\library\base64.flash.o
LOAD out\obj\third-party\mbedtls\library\bignum.flash.o
LOAD out\obj\third-party\mbedtls\library\cipher.flash.o
LOAD out\obj\third-party\mbedtls\library\cipher_wrap.flash.o
LOAD out\obj\third-party\mbedtls\library\ctr_drbg.flash.o
LOAD out\obj\third-party\mbedtls\library\debug.flash.o
LOAD out\obj\third-party\mbedtls\library\entropy.flash.o
LOAD out\obj\third-party\mbedtls\library\error.flash.o
LOAD out\obj\third-party\mbedtls\library\md.flash.o
LOAD out\obj\third-party\mbedtls\library\md_wrap.flash.o
LOAD out\obj\third-party\mbedtls\library\oid.flash.o
LOAD out\obj\third-party\mbedtls\library\pem.flash.o
LOAD out\obj\third-party\mbedtls\library\pk.flash.o
LOAD out\obj\third-party\mbedtls\library\pk_wrap.flash.o
LOAD out\obj\third-party\mbedtls\library\pkparse.flash.o
LOAD out\obj\third-party\mbedtls\library\platform.flash.o
LOAD out\obj\third-party\mbedtls\library\platform_util.flash.o
LOAD out\obj\third-party\mbedtls\library\rsa.flash.o
LOAD out\obj\third-party\mbedtls\library\rsa_internal.flash.o
LOAD out\obj\third-party\mbedtls\library\sha1.flash.o
LOAD out\obj\third-party\mbedtls\library\sha256.flash.o
LOAD out\obj\third-party\mbedtls\library\ssl_ciphersuites.flash.o
LOAD out\obj\third-party\mbedtls\library\ssl_cli.flash.o
LOAD out\obj\third-party\mbedtls\library\ssl_cookie.flash.o
LOAD out\obj\third-party\mbedtls\library\ssl_tls.flash.o
LOAD out\obj\third-party\mbedtls\library\x509.flash.o
LOAD out\obj\third-party\mbedtls\library\x509_crt.flash.o
LOAD out\obj\third-party\cJSONFiles\cJSON\cJSON.flash.o
LOAD out\obj\third-party\wolfssl\wolfssl-3.15.3\wolfcrypt\src\coding.flash.o
LOAD out\obj\third-party\wolfssl\wolfssl-3.15.3\wolfcrypt\src\hash.flash.o
LOAD out\obj\third-party\wolfssl\wolfssl-3.15.3\wolfcrypt\src\hmac.flash.o
LOAD out\obj\third-party\wolfssl\wolfssl-3.15.3\wolfcrypt\src\integer.flash.o
LOAD out\obj\third-party\wolfssl\wolfssl-3.15.3\wolfcrypt\src\md5.flash.o
LOAD out\obj\third-party\wolfssl\wolfssl-3.15.3\wolfcrypt\src\misc.flash.o
LOAD out\obj\third-party\wolfssl\wolfssl-3.15.3\wolfcrypt\src\random.flash.o
LOAD out\obj\third-party\wolfssl\wolfssl-3.15.3\wolfcrypt\src\rsa.flash.o
LOAD out\obj\third-party\wolfssl\wolfssl-3.15.3\wolfcrypt\src\sha.flash.o
LOAD out\obj\third-party\wolfssl\wolfssl-3.15.3\wolfcrypt\src\sha256.flash.o
LOAD out\obj\third-party\wolfssl\wolfssl-3.15.3\wolfcrypt\src\wc_port.flash.o
LOAD out\obj\third-party\LinkSDK\core\aiot_state_api.flash.o
LOAD out\obj\third-party\LinkSDK\core\aiot_mqtt_api.flash.o
LOAD out\obj\third-party\LinkSDK\core\sysdep\core_adapter.flash.o
LOAD out\obj\third-party\LinkSDK\core\sysdep\core_sysdep.flash.o
LOAD out\obj\third-party\LinkSDK\core\utils\core_auth.flash.o
LOAD out\obj\third-party\LinkSDK\core\utils\core_diag.flash.o
LOAD out\obj\third-party\LinkSDK\core\utils\core_global.flash.o
LOAD out\obj\third-party\LinkSDK\core\utils\core_http.flash.o
LOAD out\obj\third-party\LinkSDK\core\utils\core_log.flash.o
LOAD out\obj\third-party\LinkSDK\core\utils\core_sha256.flash.o
LOAD out\obj\third-party\LinkSDK\core\utils\core_string.flash.o
LOAD out\obj\third-party\LinkSDK\external\ali_ca_cert.flash.o
LOAD out\obj\third-party\LinkSDK\portfiles\aiot_port\freertos_port.flash.o
LOAD out\obj\third-party\LinkSDK\components\ota\aiot_ota_api.flash.o
LOAD out\obj\third-party\LinkSDK\components\ota\ota_md5.flash.o
LOAD out\obj\third-party\lvgl\src\core\lv_disp.flash.o
LOAD out\obj\third-party\lvgl\src\core\lv_group.flash.o
LOAD out\obj\third-party\lvgl\src\core\lv_indev.flash.o
LOAD out\obj\third-party\lvgl\src\core\lv_indev_scroll.flash.o
LOAD out\obj\third-party\lvgl\src\core\lv_obj.flash.o
LOAD out\obj\third-party\lvgl\src\core\lv_obj_class.flash.o
LOAD out\obj\third-party\lvgl\src\core\lv_obj_draw.flash.o
LOAD out\obj\third-party\lvgl\src\core\lv_obj_pos.flash.o
LOAD out\obj\third-party\lvgl\src\core\lv_obj_scroll.flash.o
LOAD out\obj\third-party\lvgl\src\core\lv_obj_style.flash.o
LOAD out\obj\third-party\lvgl\src\core\lv_obj_style_gen.flash.o
LOAD out\obj\third-party\lvgl\src\core\lv_obj_tree.flash.o
LOAD out\obj\third-party\lvgl\src\core\lv_event.flash.o
LOAD out\obj\third-party\lvgl\src\core\lv_refr.flash.o
LOAD out\obj\third-party\lvgl\src\core\lv_theme.flash.o
LOAD out\obj\third-party\lvgl\src\draw\lv_draw_arc.flash.o
LOAD out\obj\third-party\lvgl\src\draw\lv_draw.flash.o
LOAD out\obj\third-party\lvgl\src\draw\lv_draw_img.flash.o
LOAD out\obj\third-party\lvgl\src\draw\lv_draw_label.flash.o
LOAD out\obj\third-party\lvgl\src\draw\lv_draw_line.flash.o
LOAD out\obj\third-party\lvgl\src\draw\lv_draw_mask.flash.o
LOAD out\obj\third-party\lvgl\src\draw\lv_draw_rect.flash.o
LOAD out\obj\third-party\lvgl\src\draw\lv_draw_transform.flash.o
LOAD out\obj\third-party\lvgl\src\draw\lv_draw_layer.flash.o
LOAD out\obj\third-party\lvgl\src\draw\lv_draw_triangle.flash.o
LOAD out\obj\third-party\lvgl\src\draw\lv_img_buf.flash.o
LOAD out\obj\third-party\lvgl\src\draw\lv_img_cache.flash.o
LOAD out\obj\third-party\lvgl\src\draw\lv_img_decoder.flash.o
LOAD out\obj\third-party\lvgl\src\draw\sw\lv_draw_sw_arc.flash.o
LOAD out\obj\third-party\lvgl\src\draw\sw\lv_draw_sw_blend.flash.o
LOAD out\obj\third-party\lvgl\src\draw\sw\lv_draw_sw_dither.flash.o
LOAD out\obj\third-party\lvgl\src\draw\sw\lv_draw_sw_gradient.flash.o
LOAD out\obj\third-party\lvgl\src\draw\sw\lv_draw_sw_img.flash.o
LOAD out\obj\third-party\lvgl\src\draw\sw\lv_draw_sw_layer.flash.o
LOAD out\obj\third-party\lvgl\src\draw\sw\lv_draw_sw_letter.flash.o
LOAD out\obj\third-party\lvgl\src\draw\sw\lv_draw_sw_line.flash.o
LOAD out\obj\third-party\lvgl\src\draw\sw\lv_draw_sw_polygon.flash.o
LOAD out\obj\third-party\lvgl\src\draw\sw\lv_draw_sw_rect.flash.o
LOAD out\obj\third-party\lvgl\src\draw\sw\lv_draw_sw_transform.flash.o
LOAD out\obj\third-party\lvgl\src\draw\sw\lv_draw_sw.flash.o
LOAD out\obj\third-party\lvgl\src\extra\lv_extra.flash.o
LOAD out\obj\third-party\lvgl\src\extra\layouts\flex\lv_flex.flash.o
LOAD out\obj\third-party\lvgl\src\extra\layouts\grid\lv_grid.flash.o
LOAD out\obj\third-party\lvgl\src\extra\themes\default\lv_theme_default.flash.o
LOAD out\obj\third-party\lvgl\src\extra\themes\basic\lv_theme_basic.flash.o
LOAD out\obj\third-party\lvgl\src\extra\themes\mono\lv_theme_mono.flash.o
LOAD out\obj\third-party\lvgl\src\extra\widgets\animimg\lv_animimg.flash.o
LOAD out\obj\third-party\lvgl\src\extra\widgets\calendar\lv_calendar.flash.o
LOAD out\obj\third-party\lvgl\src\extra\widgets\calendar\lv_calendar_header_arrow.flash.o
LOAD out\obj\third-party\lvgl\src\extra\widgets\calendar\lv_calendar_header_dropdown.flash.o
LOAD out\obj\third-party\lvgl\src\extra\widgets\chart\lv_chart.flash.o
LOAD out\obj\third-party\lvgl\src\extra\widgets\colorwheel\lv_colorwheel.flash.o
LOAD out\obj\third-party\lvgl\src\extra\widgets\imgbtn\lv_imgbtn.flash.o
LOAD out\obj\third-party\lvgl\src\extra\widgets\keyboard\lv_keyboard.flash.o
LOAD out\obj\third-party\lvgl\src\extra\widgets\led\lv_led.flash.o
LOAD out\obj\third-party\lvgl\src\extra\widgets\list\lv_list.flash.o
LOAD out\obj\third-party\lvgl\src\extra\widgets\menu\lv_menu.flash.o
LOAD out\obj\third-party\lvgl\src\extra\widgets\meter\lv_meter.flash.o
LOAD out\obj\third-party\lvgl\src\extra\widgets\msgbox\lv_msgbox.flash.o
LOAD out\obj\third-party\lvgl\src\extra\widgets\span\lv_span.flash.o
LOAD out\obj\third-party\lvgl\src\extra\widgets\spinbox\lv_spinbox.flash.o
LOAD out\obj\third-party\lvgl\src\extra\widgets\spinner\lv_spinner.flash.o
LOAD out\obj\third-party\lvgl\src\extra\widgets\tabview\lv_tabview.flash.o
LOAD out\obj\third-party\lvgl\src\extra\widgets\tileview\lv_tileview.flash.o
LOAD out\obj\third-party\lvgl\src\extra\widgets\win\lv_win.flash.o
LOAD out\obj\third-party\lvgl\src\font\lv_font.flash.o
LOAD out\obj\third-party\lvgl\src\font\lv_font_fmt_txt.flash.o
LOAD out\obj\third-party\lvgl\src\font\lv_font_loader.flash.o
LOAD out\obj\third-party\lvgl\src\font\lv_font_dejavu_16_persian_hebrew.flash.o
LOAD out\obj\third-party\lvgl\src\font\lv_font_montserrat_14.flash.o
LOAD out\obj\third-party\lvgl\src\font\lv_font_simsun_16_cjk.flash.o
LOAD out\obj\third-party\lvgl\src\font\lv_font_unscii_8.flash.o
LOAD out\obj\third-party\lvgl\src\font\lv_font_unscii_16.flash.o
LOAD out\obj\third-party\lvgl\src\hal\lv_hal_disp.flash.o
LOAD out\obj\third-party\lvgl\src\hal\lv_hal_indev.flash.o
LOAD out\obj\third-party\lvgl\src\hal\lv_hal_tick.flash.o
LOAD out\obj\third-party\lvgl\src\misc\lv_anim.flash.o
LOAD out\obj\third-party\lvgl\src\misc\lv_anim_timeline.flash.o
LOAD out\obj\third-party\lvgl\src\misc\lv_area.flash.o
LOAD out\obj\third-party\lvgl\src\misc\lv_async.flash.o
LOAD out\obj\third-party\lvgl\src\misc\lv_bidi.flash.o
LOAD out\obj\third-party\lvgl\src\misc\lv_color.flash.o
LOAD out\obj\third-party\lvgl\src\misc\lv_fs.flash.o
LOAD out\obj\third-party\lvgl\src\misc\lv_gc.flash.o
LOAD out\obj\third-party\lvgl\src\misc\lv_ll.flash.o
LOAD out\obj\third-party\lvgl\src\misc\lv_log.flash.o
LOAD out\obj\third-party\lvgl\src\misc\lv_lru.flash.o
LOAD out\obj\third-party\lvgl\src\misc\lv_math.flash.o
LOAD out\obj\third-party\lvgl\src\misc\lv_mem.flash.o
LOAD out\obj\third-party\lvgl\src\misc\lv_printf.flash.o
LOAD out\obj\third-party\lvgl\src\misc\lv_style.flash.o
LOAD out\obj\third-party\lvgl\src\misc\lv_style_gen.flash.o
LOAD out\obj\third-party\lvgl\src\misc\lv_timer.flash.o
LOAD out\obj\third-party\lvgl\src\misc\lv_tlsf.flash.o
LOAD out\obj\third-party\lvgl\src\misc\lv_txt.flash.o
LOAD out\obj\third-party\lvgl\src\misc\lv_txt_ap.flash.o
LOAD out\obj\third-party\lvgl\src\misc\lv_utils.flash.o
LOAD out\obj\third-party\lvgl\src\widgets\lv_arc.flash.o
LOAD out\obj\third-party\lvgl\src\widgets\lv_bar.flash.o
LOAD out\obj\third-party\lvgl\src\widgets\lv_btn.flash.o
LOAD out\obj\third-party\lvgl\src\widgets\lv_btnmatrix.flash.o
LOAD out\obj\third-party\lvgl\src\widgets\lv_canvas.flash.o
LOAD out\obj\third-party\lvgl\src\widgets\lv_checkbox.flash.o
LOAD out\obj\third-party\lvgl\src\widgets\lv_dropdown.flash.o
LOAD out\obj\third-party\lvgl\src\widgets\lv_img.flash.o
LOAD out\obj\third-party\lvgl\src\widgets\lv_label.flash.o
LOAD out\obj\third-party\lvgl\src\widgets\lv_line.flash.o
LOAD out\obj\third-party\lvgl\src\widgets\lv_roller.flash.o
LOAD out\obj\third-party\lvgl\src\widgets\lv_slider.flash.o
LOAD out\obj\third-party\lvgl\src\widgets\lv_switch.flash.o
LOAD out\obj\third-party\lvgl\src\widgets\lv_table.flash.o
LOAD out\obj\third-party\lvgl\src\widgets\lv_textarea.flash.o
LOAD out\obj\third-party\lvgl\examples\porting\lv_port_disp.flash.o
LOAD out\obj\third-party\ymodemFiles\ymodem\ymodem.flash.o
LOAD out\obj\third-party\ymodemFiles\ymodem\common.flash.o
LOAD out\obj\custom\custom_main\src\custom_main.ram.o
LOAD out\obj\custom\custom_main\src\app_mode.ram.o
LOAD out\obj\custom\custom_main\src\app_utils.ram.o
LOAD out\obj\custom\custom_main\src\app_mqtt_client.ram.o
LOAD out\obj\custom\custom_main\src\app_protocol.ram.o
LOAD out\obj\custom\custom_main\src\app_command.ram.o
LOAD out\obj\custom\custom_main\src\bsp.flash.o
LOAD out\obj\custom\custom_main\src\app_storage.flash.o
LOAD out\obj\custom\custom_main\src\app_provisioning.flash.o
LOAD out\obj\custom\custom_main\src\app_offline_cache.flash.o
LOAD out\obj\custom\custom_main\src\app_ota.flash.o
LOAD out\obj\custom\custom_main\src\app_lbs.flash.o
LOAD prebuild\libs\cm_stub.o
START GROUP
LOAD prebuild\libs\libmqtt_ftp.a
LOAD d:/work/git_repo/app_tracker/3_software/confidential_ml307c-dc-cn_opencpu_standard_1.0.0.2504221759_release/tools/toolchain/gcc-arm-none-eabi/bin/../lib/gcc/arm-none-eabi/8.3.1/../../../../arm-none-eabi/lib/thumb/v7/nofp\libm.a
LOAD d:/work/git_repo/app_tracker/3_software/confidential_ml307c-dc-cn_opencpu_standard_1.0.0.2504221759_release/tools/toolchain/gcc-arm-none-eabi/bin/../lib/gcc/arm-none-eabi/8.3.1/thumb/v7/nofp\libgcc.a
END GROUP
START GROUP
LOAD d:/work/git_repo/app_tracker/3_software/confidential_ml307c-dc-cn_opencpu_standard_1.0.0.2504221759_release/tools/toolchain/gcc-arm-none-eabi/bin/../lib/gcc/arm-none-eabi/8.3.1/thumb/v7/nofp\libgcc.a
LOAD d:/work/git_repo/app_tracker/3_software/confidential_ml307c-dc-cn_opencpu_standard_1.0.0.2504221759_release/tools/toolchain/gcc-arm-none-eabi/bin/../lib/gcc/arm-none-eabi/8.3.1/../../../../arm-none-eabi/lib/thumb/v7/nofp\libc.a
END GROUP
START GROUP
LOAD d:/work/git_repo/app_tracker/3_software/confidential_ml307c-dc-cn_opencpu_standard_1.0.0.2504221759_release/tools/toolchain/gcc-arm-none-eabi/bin/../lib/gcc/arm-none-eabi/8.3.1/thumb/v7/nofp\libgcc.a
LOAD d:/work/git_repo/app_tracker/3_software/confidential_ml307c-dc-cn_opencpu_standard_1.0.0.2504221759_release/tools/toolchain/gcc-arm-none-eabi/bin/../lib/gcc/arm-none-eabi/8.3.1/../../../../arm-none-eabi/lib/thumb/v7/nofp\libc.a
LOAD d:/work/git_repo/app_tracker/3_software/confidential_ml307c-dc-cn_opencpu_standard_1.0.0.2504221759_release/tools/toolchain/gcc-arm-none-eabi/bin/../lib/gcc/arm-none-eabi/8.3.1/../../../../arm-none-eabi/lib/thumb/v7/nofp\libnosys.a
END GROUP
                0x802d7000                . = ORIGIN (flash)
                0x802d7000                __flash_start = .

.image_header   0x802d7000       0x74
                0x802d7000        0x4 LONG 0x5a5aa5a5
                0x802d7004        0x4 LONG 0x16b40 (__flash_end - __flash_start)
                0x802d7008        0x4 LONG 0x802d7000 __flash_start
                0x802d700c        0x4 LONG 0x7e1d2000 __ram_start
                0x802d7010        0x4 LONG 0x0
                0x802d7014        0x4 LONG 0x78 (__text_lma_start - __flash_start)
                0x802d7018        0x4 LONG 0x802d7078 __text_lma_start
                0x802d701c        0x4 LONG 0x802d7078 __text_vma_start
                0x802d7020        0x4 LONG 0x6670 (__text_vma_end - __text_vma_start)
                0x802d7024        0x4 LONG 0x1
                0x802d7028        0x4 LONG 0x66e8 (__rodata_lma_start - __flash_start)
                0x802d702c        0x4 LONG 0x802dd6e8 __rodata_lma_start
                0x802d7030        0x4 LONG 0x802dd6e8 __rodata_vma_start
                0x802d7034        0x4 LONG 0x1dac (__rodata_vma_end - __rodata_vma_start)
                0x802d7038        0x4 LONG 0x2
                0x802d703c        0x4 LONG 0x16148 (__data_lma_start - __flash_start)
                0x802d7040        0x4 LONG 0x802ed148 __data_lma_start
                0x802d7044        0x4 LONG 0x7e1dfca8 __data_vma_start
                0x802d7048        0x4 LONG 0x9f8 (__data_vma_end - __data_vma_start)
                0x802d704c        0x4 LONG 0x3
                0x802d7050        0x4 LONG 0xfdf096a0 (__bss_lma_start - __flash_start)
                0x802d7054        0x4 LONG 0x7e1e06a0 __bss_lma_start
                0x802d7058        0x4 LONG 0x7e1e06a0 __bss_vma_start
                0x802d705c        0x4 LONG 0x5ca0 (__bss_vma_end - __bss_vma_start)
                0x802d7060        0x4 LONG 0x4
                0x802d7064        0x4 LONG 0x84a0 (__sramtext_lma_start - __flash_start)
                0x802d7068        0x4 LONG 0x802df4a0 __sramtext_lma_start
                0x802d706c        0x4 LONG 0x7e1d2000 __sramtext_vma_start
                0x802d7070        0x4 LONG 0xdca8 (__sramtext_vma_end - __sramtext_vma_start)

.text           0x802d7078     0x6670
                0x802d7078                __text_vma_start = .
 *(.text.cm_opencpu_entry)
 .text.cm_opencpu_entry
                0x802d7078      0x1e8 out\obj\custom\custom_main\src\custom_main.ram.o
                0x802d7078                cm_opencpu_entry
 EXCLUDE_FILE(*libgcc.a: *libc.a: *libm.a: *.ram.o *cm_stub.o) *(.text .text.* .gnu.linkonce.t.* .glue_7 .glue_7t .vfp11_veneer .v4_bx)
 .glue_7        0x802d7260        0x0 linker stubs
 .glue_7t       0x802d7260        0x0 linker stubs
 .vfp11_veneer  0x802d7260        0x0 linker stubs
 .v4_bx         0x802d7260        0x0 linker stubs
 .text.cm_async_dns_request
                0x802d7260       0x20 out\obj\src\cm_lib\cm_async_dns_adapt\async_dns_adapt.flash.o
                0x802d7260                cm_async_dns_request
 .text.cm_modem_get_cereg_state
                0x802d7280      0x230 out\obj\src\modem\cm_modem.flash.o
                0x802d7280                cm_modem_get_cereg_state
 .text.cm_modem_get_pdp_state
                0x802d74b0       0xcc out\obj\src\modem\cm_modem.flash.o
                0x802d74b0                cm_modem_get_pdp_state
 .text.nmea_field
                0x802d757c       0x30 out\obj\custom\custom_main\src\bsp.flash.o
 .text.bsp_rgb_set_raw
                0x802d75ac       0x34 out\obj\custom\custom_main\src\bsp.flash.o
 .text.bsp_rgb_init_one
                0x802d75e0       0x78 out\obj\custom\custom_main\src\bsp.flash.o
 .text.gps_uart_event_cb
                0x802d7658       0xc0 out\obj\custom\custom_main\src\bsp.flash.o
 .text.nmea_parse_latlon
                0x802d7718      0x114 out\obj\custom\custom_main\src\bsp.flash.o
 .text.bsp_gps_send_nmea.part.3
                0x802d782c       0x6c out\obj\custom\custom_main\src\bsp.flash.o
 .text.bsp_key_poll
                0x802d7898      0x114 out\obj\custom\custom_main\src\bsp.flash.o
                0x802d7898                bsp_key_poll
 .text.bsp_key_register_cb
                0x802d79ac       0x10 out\obj\custom\custom_main\src\bsp.flash.o
                0x802d79ac                bsp_key_register_cb
 .text.bsp_buzzer_on
                0x802d79bc        0xc out\obj\custom\custom_main\src\bsp.flash.o
                0x802d79bc                bsp_buzzer_on
 .text.bsp_buzzer_off
                0x802d79c8        0xc out\obj\custom\custom_main\src\bsp.flash.o
                0x802d79c8                bsp_buzzer_off
 .text.buzzer_async_task
                0x802d79d4       0xa0 out\obj\custom\custom_main\src\bsp.flash.o
 .text.bsp_buzzer_beep
                0x802d7a74       0x48 out\obj\custom\custom_main\src\bsp.flash.o
                0x802d7a74                bsp_buzzer_beep
 .text.bsp_buzzer_beep_async
                0x802d7abc       0xb8 out\obj\custom\custom_main\src\bsp.flash.o
                0x802d7abc                bsp_buzzer_beep_async
 .text.bsp_buzzer_stop
                0x802d7b74       0x38 out\obj\custom\custom_main\src\bsp.flash.o
                0x802d7b74                bsp_buzzer_stop
 .text.bsp_rgb_set
                0x802d7bac       0xa0 out\obj\custom\custom_main\src\bsp.flash.o
                0x802d7bac                bsp_rgb_set
 .text.rgb_pattern_apply
                0x802d7c4c       0x70 out\obj\custom\custom_main\src\bsp.flash.o
 .text.rgb_blink_task
                0x802d7cbc      0x114 out\obj\custom\custom_main\src\bsp.flash.o
 .text.bsp_rgb_set_pattern
                0x802d7dd0       0xd8 out\obj\custom\custom_main\src\bsp.flash.o
                0x802d7dd0                bsp_rgb_set_pattern
 .text.bsp_rgb_stop_pattern
                0x802d7ea8       0x44 out\obj\custom\custom_main\src\bsp.flash.o
                0x802d7ea8                bsp_rgb_stop_pattern
 .text.bsp_battery_read
                0x802d7eec       0xa4 out\obj\custom\custom_main\src\bsp.flash.o
                0x802d7eec                bsp_battery_read
 .text.bsp_gps_open
                0x802d7f90       0xc0 out\obj\custom\custom_main\src\bsp.flash.o
                0x802d7f90                bsp_gps_open
 .text.bsp_gps_close
                0x802d8050        0x8 out\obj\custom\custom_main\src\bsp.flash.o
                0x802d8050                bsp_gps_close
 .text.bsp_gps_set_power_mode
                0x802d8058       0x2c out\obj\custom\custom_main\src\bsp.flash.o
                0x802d8058                bsp_gps_set_power_mode
 .text.bsp_gps_set_uart_baudrate
                0x802d8084       0x30 out\obj\custom\custom_main\src\bsp.flash.o
                0x802d8084                bsp_gps_set_uart_baudrate
 .text.bsp_gps_parse_nmea
                0x802d80b4      0x32c out\obj\custom\custom_main\src\bsp.flash.o
                0x802d80b4                bsp_gps_parse_nmea
 .text.bsp_init
                0x802d83e0      0x128 out\obj\custom\custom_main\src\bsp.flash.o
                0x802d83e0                bsp_init
 .text.storage_write_file
                0x802d8508       0x68 out\obj\custom\custom_main\src\app_storage.flash.o
 .text.app_storage_save_boot_info
                0x802d8570       0x58 out\obj\custom\custom_main\src\app_storage.flash.o
                0x802d8570                app_storage_save_boot_info
 .text.lock     0x802d85c8       0x1c out\obj\custom\custom_main\src\app_offline_cache.flash.o
 .text.unlock   0x802d85e4       0x18 out\obj\custom\custom_main\src\app_offline_cache.flash.o
 .text.app_offline_cache_init
                0x802d85fc       0x98 out\obj\custom\custom_main\src\app_offline_cache.flash.o
                0x802d85fc                app_offline_cache_init
 .text.app_offline_cache_push
                0x802d8694       0xac out\obj\custom\custom_main\src\app_offline_cache.flash.o
                0x802d8694                app_offline_cache_push
 .text.app_offline_cache_pop
                0x802d8740       0x74 out\obj\custom\custom_main\src\app_offline_cache.flash.o
                0x802d8740                app_offline_cache_pop
 .text.app_offline_cache_count
                0x802d87b4       0x20 out\obj\custom\custom_main\src\app_offline_cache.flash.o
                0x802d87b4                app_offline_cache_count
 .text.app_offline_cache_replay_step
                0x802d87d4       0x3c out\obj\custom\custom_main\src\app_offline_cache.flash.o
                0x802d87d4                app_offline_cache_replay_step
 .text.http_cb  0x802d8810      0x13c out\obj\custom\custom_main\src\app_ota.flash.o
 .text.ota_task
                0x802d894c      0x344 out\obj\custom\custom_main\src\app_ota.flash.o
 .text.app_ota_is_running
                0x802d8c90       0x10 out\obj\custom\custom_main\src\app_ota.flash.o
                0x802d8c90                app_ota_is_running
 .text.app_ota_start
                0x802d8ca0       0xb0 out\obj\custom\custom_main\src\app_ota.flash.o
                0x802d8ca0                app_ota_start
 .text.app_lbs_cb
                0x802d8d50       0xa4 out\obj\custom\custom_main\src\app_lbs.flash.o
 .text.app_lbs_get_location
                0x802d8df4      0x324 out\obj\custom\custom_main\src\app_lbs.flash.o
                0x802d8df4                app_lbs_get_location
 .text.__mqtt_client_get_pkt_size
                0x802d9118       0x8c prebuild\libs\libmqtt_ftp.a(cm_mqtt_client.flash.o)
 .text.__mqtt_client_compare_msgid
                0x802d91a4       0x28 prebuild\libs\libmqtt_ftp.a(cm_mqtt_client.flash.o)
 .text.__mqtt_client_compare_msgid_and_type
                0x802d91cc       0x40 prebuild\libs\libmqtt_ftp.a(cm_mqtt_client.flash.o)
 .text.__mqtt_client_add_transaction
                0x802d920c       0x78 prebuild\libs\libmqtt_ftp.a(cm_mqtt_client.flash.o)
 .text.__mqtt_client_close
                0x802d9284       0x78 prebuild\libs\libmqtt_ftp.a(cm_mqtt_client.flash.o)
 .text.__mqtt_client_close_by_eloop
                0x802d92fc       0x18 prebuild\libs\libmqtt_ftp.a(cm_mqtt_client.flash.o)
 .text.__mqtt_client_send_data
                0x802d9314       0xa4 prebuild\libs\libmqtt_ftp.a(cm_mqtt_client.flash.o)
 .text.__mqtt_client_handle_publish_pkt
                0x802d93b8      0x42c prebuild\libs\libmqtt_ftp.a(cm_mqtt_client.flash.o)
 .text.__mqtt_client_send_incoming_queue.constprop.1
                0x802d97e4       0x18 prebuild\libs\libmqtt_ftp.a(cm_mqtt_client.flash.o)
 .text.__mqtt_client_recv
                0x802d97fc      0xab8 prebuild\libs\libmqtt_ftp.a(cm_mqtt_client.flash.o)
 .text.__mqtt_client_sock_cb
                0x802da2b4      0x200 prebuild\libs\libmqtt_ftp.a(cm_mqtt_client.flash.o)
 .text.__mqtt_client_open_by_eloop
                0x802da4b4      0x174 prebuild\libs\libmqtt_ftp.a(cm_mqtt_client.flash.o)
 .text.__mqtt_client_dns_cb
                0x802da628       0xec prebuild\libs\libmqtt_ftp.a(cm_mqtt_client.flash.o)
 .text.__mqtt_client_timer_cb
                0x802da714       0x54 prebuild\libs\libmqtt_ftp.a(cm_mqtt_client.flash.o)
 .text.cm_mqtt_client_create
                0x802da768      0x128 prebuild\libs\libmqtt_ftp.a(cm_mqtt_client.flash.o)
                0x802da768                cm_mqtt_client_create
 .text.cm_mqtt_client_destroy
                0x802da890       0x64 prebuild\libs\libmqtt_ftp.a(cm_mqtt_client.flash.o)
                0x802da890                cm_mqtt_client_destroy
 .text.cm_mqtt_client_connect
                0x802da8f4      0x204 prebuild\libs\libmqtt_ftp.a(cm_mqtt_client.flash.o)
                0x802da8f4                cm_mqtt_client_connect
 .text.cm_mqtt_client_publish
                0x802daaf8      0x1a0 prebuild\libs\libmqtt_ftp.a(cm_mqtt_client.flash.o)
                0x802daaf8                cm_mqtt_client_publish
 .text.cm_mqtt_client_subscribe
                0x802dac98      0x2fc prebuild\libs\libmqtt_ftp.a(cm_mqtt_client.flash.o)
                0x802dac98                cm_mqtt_client_subscribe
 .text.cm_mqtt_client_disconnect
                0x802daf94       0xb8 prebuild\libs\libmqtt_ftp.a(cm_mqtt_client.flash.o)
                0x802daf94                cm_mqtt_client_disconnect
 .text.cm_mqtt_client_ping
                0x802db04c       0xf4 prebuild\libs\libmqtt_ftp.a(cm_mqtt_client.flash.o)
                0x802db04c                cm_mqtt_client_ping
 .text.__mqtt_client_tsk_loop
                0x802db140      0xa90 prebuild\libs\libmqtt_ftp.a(cm_mqtt_client.flash.o)
 .text.cm_mqtt_client_set_opt
                0x802dbbd0      0x18c prebuild\libs\libmqtt_ftp.a(cm_mqtt_client.flash.o)
                0x802dbbd0                cm_mqtt_client_set_opt
 .text.cm_mqtt_client_get_state
                0x802dbd5c        0xc prebuild\libs\libmqtt_ftp.a(cm_mqtt_client.flash.o)
                0x802dbd5c                cm_mqtt_client_get_state
 .text.cm_mqtt_timing_create
                0x802dbd68       0x8c prebuild\libs\libmqtt_ftp.a(cm_mqtt_timing.flash.o)
                0x802dbd68                cm_mqtt_timing_create
 .text.cm_mqtt_timing_pop_head
                0x802dbdf4       0x18 prebuild\libs\libmqtt_ftp.a(cm_mqtt_timing.flash.o)
                0x802dbdf4                cm_mqtt_timing_pop_head
 .text.cm_mqtt_timing_update
                0x802dbe0c       0xe0 prebuild\libs\libmqtt_ftp.a(cm_mqtt_timing.flash.o)
                0x802dbe0c                cm_mqtt_timing_update
 .text.cm_mqtt_timing_remove
                0x802dbeec      0x120 prebuild\libs\libmqtt_ftp.a(cm_mqtt_timing.flash.o)
                0x802dbeec                cm_mqtt_timing_remove
 .text.cm_mqtt_timing_remove_client
                0x802dc00c      0x11c prebuild\libs\libmqtt_ftp.a(cm_mqtt_timing.flash.o)
                0x802dc00c                cm_mqtt_timing_remove_client
 .text.cm_mqtt_timing_insert
                0x802dc128      0x170 prebuild\libs\libmqtt_ftp.a(cm_mqtt_timing.flash.o)
                0x802dc128                cm_mqtt_timing_insert
 .text.MQTTSerialize_connectLength
                0x802dc298       0xcc prebuild\libs\libmqtt_ftp.a(MQTTConnectClient.flash.o)
                0x802dc298                MQTTSerialize_connectLength
 .text.MQTTSerialize_connect
                0x802dc364      0x194 prebuild\libs\libmqtt_ftp.a(MQTTConnectClient.flash.o)
                0x802dc364                MQTTSerialize_connect
 .text.MQTTDeserialize_connack
                0x802dc4f8       0x74 prebuild\libs\libmqtt_ftp.a(MQTTConnectClient.flash.o)
                0x802dc4f8                MQTTDeserialize_connack
 .text.MQTTSerialize_zero
                0x802dc56c       0x4c prebuild\libs\libmqtt_ftp.a(MQTTConnectClient.flash.o)
                0x802dc56c                MQTTSerialize_zero
 .text.MQTTSerialize_disconnect
                0x802dc5b8        0x8 prebuild\libs\libmqtt_ftp.a(MQTTConnectClient.flash.o)
                0x802dc5b8                MQTTSerialize_disconnect
 .text.MQTTSerialize_pingreq
                0x802dc5c0        0x8 prebuild\libs\libmqtt_ftp.a(MQTTConnectClient.flash.o)
                0x802dc5c0                MQTTSerialize_pingreq
 .text.MQTTDeserialize_publish
                0x802dc5c8      0x118 prebuild\libs\libmqtt_ftp.a(MQTTDeserializePublish.flash.o)
                0x802dc5c8                MQTTDeserialize_publish
 .text.MQTTDeserialize_ack
                0x802dc6e0       0x70 prebuild\libs\libmqtt_ftp.a(MQTTDeserializePublish.flash.o)
                0x802dc6e0                MQTTDeserialize_ack
 .text.bufchar  0x802dc750       0x4c prebuild\libs\libmqtt_ftp.a(MQTTPacket.flash.o)
                0x802dc750                bufchar
 .text.MQTTPacket_encode
                0x802dc79c       0x50 prebuild\libs\libmqtt_ftp.a(MQTTPacket.flash.o)
                0x802dc79c                MQTTPacket_encode
 .text.MQTTPacket_decode
                0x802dc7ec       0x64 prebuild\libs\libmqtt_ftp.a(MQTTPacket.flash.o)
                0x802dc7ec                MQTTPacket_decode
 .text.MQTTPacket_len
                0x802dc850       0x34 prebuild\libs\libmqtt_ftp.a(MQTTPacket.flash.o)
                0x802dc850                MQTTPacket_len
 .text.MQTTPacket_decodeBuf
                0x802dc884       0x18 prebuild\libs\libmqtt_ftp.a(MQTTPacket.flash.o)
                0x802dc884                MQTTPacket_decodeBuf
 .text.readInt  0x802dc89c       0x1c prebuild\libs\libmqtt_ftp.a(MQTTPacket.flash.o)
                0x802dc89c                readInt
 .text.readChar
                0x802dc8b8       0x14 prebuild\libs\libmqtt_ftp.a(MQTTPacket.flash.o)
                0x802dc8b8                readChar
 .text.writeChar
                0x802dc8cc       0x18 prebuild\libs\libmqtt_ftp.a(MQTTPacket.flash.o)
                0x802dc8cc                writeChar
 .text.writeInt
                0x802dc8e4       0x48 prebuild\libs\libmqtt_ftp.a(MQTTPacket.flash.o)
                0x802dc8e4                writeInt
 .text.writeCString
                0x802dc92c       0x44 prebuild\libs\libmqtt_ftp.a(MQTTPacket.flash.o)
                0x802dc92c                writeCString
 .text.writeMQTTString
                0x802dc970       0x70 prebuild\libs\libmqtt_ftp.a(MQTTPacket.flash.o)
                0x802dc970                writeMQTTString
 .text.readMQTTLenString
                0x802dc9e0       0x5c prebuild\libs\libmqtt_ftp.a(MQTTPacket.flash.o)
                0x802dc9e0                readMQTTLenString
 .text.MQTTstrlen
                0x802dca3c       0x2c prebuild\libs\libmqtt_ftp.a(MQTTPacket.flash.o)
                0x802dca3c                MQTTstrlen
 .text.MQTTSerialize_publishLength
                0x802dca68       0x34 prebuild\libs\libmqtt_ftp.a(MQTTSerializePublish.flash.o)
                0x802dca68                MQTTSerialize_publishLength
 .text.MQTTSerialize_publish
                0x802dca9c       0xcc prebuild\libs\libmqtt_ftp.a(MQTTSerializePublish.flash.o)
                0x802dca9c                MQTTSerialize_publish
 .text.MQTTSerialize_ack
                0x802dcb68       0x74 prebuild\libs\libmqtt_ftp.a(MQTTSerializePublish.flash.o)
                0x802dcb68                MQTTSerialize_ack
 .text.MQTTSerialize_pubrel
                0x802dcbdc       0x1c prebuild\libs\libmqtt_ftp.a(MQTTSerializePublish.flash.o)
                0x802dcbdc                MQTTSerialize_pubrel
 .text.MQTTSerialize_pubcomp
                0x802dcbf8       0x1c prebuild\libs\libmqtt_ftp.a(MQTTSerializePublish.flash.o)
                0x802dcbf8                MQTTSerialize_pubcomp
 .text.MQTTSerialize_subscribeLength
                0x802dcc14       0x44 prebuild\libs\libmqtt_ftp.a(MQTTSubscribeClient.flash.o)
                0x802dcc14                MQTTSerialize_subscribeLength
 .text.MQTTSerialize_subscribe
                0x802dcc58       0xc4 prebuild\libs\libmqtt_ftp.a(MQTTSubscribeClient.flash.o)
                0x802dcc58                MQTTSerialize_subscribe
 .text.MQTTDeserialize_suback
                0x802dcd1c       0xb8 prebuild\libs\libmqtt_ftp.a(MQTTSubscribeClient.flash.o)
                0x802dcd1c                MQTTDeserialize_suback
 .text.MQTTDeserialize_unsuback
                0x802dcdd4       0x3c prebuild\libs\libmqtt_ftp.a(MQTTUnsubscribeClient.flash.o)
                0x802dcdd4                MQTTDeserialize_unsuback
 .text.cm_mqtt_get_time_s
                0x802dce10       0x24 prebuild\libs\libmqtt_ftp.a(cm_mqtt_platform.flash.o)
                0x802dce10                cm_mqtt_get_time_s
 .text.cm_mqtt_get_time_ms
                0x802dce34       0x24 prebuild\libs\libmqtt_ftp.a(cm_mqtt_platform.flash.o)
                0x802dce34                cm_mqtt_get_time_ms
 .text.cm_mqtt_thread_start
                0x802dce58       0x10 prebuild\libs\libmqtt_ftp.a(cm_mqtt_platform.flash.o)
                0x802dce58                cm_mqtt_thread_start
 .text.cm_mqtt_mutex_create
                0x802dce68        0x4 prebuild\libs\libmqtt_ftp.a(cm_mqtt_platform.flash.o)
                0x802dce68                cm_mqtt_mutex_create
 .text.cm_mqtt_mutex_destroy
                0x802dce6c        0x4 prebuild\libs\libmqtt_ftp.a(cm_mqtt_platform.flash.o)
                0x802dce6c                cm_mqtt_mutex_destroy
 .text.cm_mqtt_mutex_acquire
                0x802dce70        0x4 prebuild\libs\libmqtt_ftp.a(cm_mqtt_platform.flash.o)
                0x802dce70                cm_mqtt_mutex_acquire
 .text.cm_mqtt_mutex_release
                0x802dce74        0x4 prebuild\libs\libmqtt_ftp.a(cm_mqtt_platform.flash.o)
                0x802dce74                cm_mqtt_mutex_release
 .text.cm_mqtt_queue_create
                0x802dce78        0x8 prebuild\libs\libmqtt_ftp.a(cm_mqtt_platform.flash.o)
                0x802dce78                cm_mqtt_queue_create
 .text.cm_mqtt_queue_put
                0x802dce80        0xc prebuild\libs\libmqtt_ftp.a(cm_mqtt_platform.flash.o)
                0x802dce80                cm_mqtt_queue_put
 .text.cm_mqtt_queue_get
                0x802dce8c        0xc prebuild\libs\libmqtt_ftp.a(cm_mqtt_platform.flash.o)
                0x802dce8c                cm_mqtt_queue_get
 .text.cm_mqtt_timer_create
                0x802dce98       0x10 prebuild\libs\libmqtt_ftp.a(cm_mqtt_platform.flash.o)
                0x802dce98                cm_mqtt_timer_create
 .text.cm_mqtt_timer_start
                0x802dcea8        0x4 prebuild\libs\libmqtt_ftp.a(cm_mqtt_platform.flash.o)
                0x802dcea8                cm_mqtt_timer_start
 .text.cm_mqtt_timer_stop
                0x802dceac        0x4 prebuild\libs\libmqtt_ftp.a(cm_mqtt_platform.flash.o)
                0x802dceac                cm_mqtt_timer_stop
 .text.cm_mqtt_timer_is_running
                0x802dceb0        0x4 prebuild\libs\libmqtt_ftp.a(cm_mqtt_platform.flash.o)
                0x802dceb0                cm_mqtt_timer_is_running
 .text.linklist_create
                0x802dceb4       0x34 prebuild\libs\libmqtt_ftp.a(cm_linklist.flash.o)
                0x802dceb4                linklist_create
 .text.linklist_append_to_tail
                0x802dcee8       0xa8 prebuild\libs\libmqtt_ftp.a(cm_linklist.flash.o)
                0x802dcee8                linklist_append_to_tail
 .text.linklist_insert_before_index
                0x802dcf90       0xc4 prebuild\libs\libmqtt_ftp.a(cm_linklist.flash.o)
                0x802dcf90                linklist_insert_before_index
 .text.linklist_remove_element
                0x802dd054       0x9c prebuild\libs\libmqtt_ftp.a(cm_linklist.flash.o)
                0x802dd054                linklist_remove_element
 .text.linklist_pop_head
                0x802dd0f0       0x6c prebuild\libs\libmqtt_ftp.a(cm_linklist.flash.o)
                0x802dd0f0                linklist_pop_head
 .text.linklist_next_element
                0x802dd15c       0x20 prebuild\libs\libmqtt_ftp.a(cm_linklist.flash.o)
                0x802dd15c                linklist_next_element
 .text.linklist_find_element
                0x802dd17c       0x80 prebuild\libs\libmqtt_ftp.a(cm_linklist.flash.o)
                0x802dd17c                linklist_find_element
 .text.linklist_remove_content
                0x802dd1fc       0xac prebuild\libs\libmqtt_ftp.a(cm_linklist.flash.o)
                0x802dd1fc                linklist_remove_content
 .text.linklist_release
                0x802dd2a8       0x68 prebuild\libs\libmqtt_ftp.a(cm_linklist.flash.o)
                0x802dd2a8                linklist_release
 .text.linklist_destroy
                0x802dd310       0x44 prebuild\libs\libmqtt_ftp.a(cm_linklist.flash.o)
                0x802dd310                linklist_destroy
 .text._sbrk    0x802dd354       0x20 d:/work/git_repo/app_tracker/3_software/confidential_ml307c-dc-cn_opencpu_standard_1.0.0.2504221759_release/tools/toolchain/gcc-arm-none-eabi/bin/../lib/gcc/arm-none-eabi/8.3.1/../../../../arm-none-eabi/lib/thumb/v7/nofp\libnosys.a(sbrk.o)
                0x802dd354                _sbrk
 *fill*         0x802dd374        0x4 
 .text._sbrk.__stub
                0x802dd378      0x370 linker stubs
                0x802dd6e8                __text_vma_end = .
                0x802dd6e8                . = ALIGN (0x8)
 *fill*         0x802dd6e8        0x0 
                0x802d7078                __text_lma_start = LOADADDR (.text)

.iplt           0x802dd6e8        0x0
 .iplt          0x802dd6e8        0x0 out\obj\src\cm_lib\cm_async_dns_adapt\async_dns_adapt.flash.o

.rodata         0x802dd6e8     0x1db0
                0x802dd6e8                __rodata_vma_start = .
 *(.rdata .rodata .rodata.* .gnu.linkonce.r.*)
 .rodata.cm_modem_get_cereg_state.str1.1
                0x802dd6e8       0x3e out\obj\src\modem\cm_modem.flash.o
 .rodata.cm_modem_get_pdp_state.str1.1
                0x802dd726       0x2a out\obj\src\modem\cm_modem.flash.o
 .rodata.app_log_output.str1.1
                0x802dd750        0xb out\obj\custom\custom_main\src\custom_main.ram.o
                                  0xe (size before relaxing)
 .rodata.cm_opencpu_entry.str1.1
                0x802dd75b       0xb6 out\obj\custom\custom_main\src\custom_main.ram.o
 .rodata.handle_key_longpress.str1.1
                0x802dd811       0xcf out\obj\custom\custom_main\src\custom_main.ram.o
 .rodata.lbs_fallback_task.str1.1
                0x802dd8e0       0x31 out\obj\custom\custom_main\src\custom_main.ram.o
 .rodata.lbs_test_task.str1.1
                0x802dd911      0x210 out\obj\custom\custom_main\src\custom_main.ram.o
 .rodata.lbs_watchdog_task.str1.1
                0x802ddb21       0xf4 out\obj\custom\custom_main\src\custom_main.ram.o
 .rodata.main_task.str1.1
                0x802ddc15      0x209 out\obj\custom\custom_main\src\custom_main.ram.o
                                0x21b (size before relaxing)
 .rodata.mqtt_event_cb.str1.1
                0x802dde1e       0x21 out\obj\custom\custom_main\src\custom_main.ram.o
 .rodata.offline_replay_cb.str1.1
                0x802dde3f       0x34 out\obj\custom\custom_main\src\custom_main.ram.o
 .rodata.one_shot_loc_task.str1.1
                0x802dde73       0xd3 out\obj\custom\custom_main\src\custom_main.ram.o
 .rodata.publish_location.constprop.4.str1.1
                0x802ddf46      0x1f9 out\obj\custom\custom_main\src\custom_main.ram.o
 .rodata.publish_state.str1.1
                0x802de13f      0x11f out\obj\custom\custom_main\src\custom_main.ram.o
                                0x121 (size before relaxing)
 *fill*         0x802de25e        0x2 
 .rodata.state_name.7502
                0x802de260       0x1c out\obj\custom\custom_main\src\custom_main.ram.o
 .rodata.str1.1
                0x802de27c       0x2e out\obj\custom\custom_main\src\custom_main.ram.o
 *fill*         0x802de2aa        0x2 
 .rodata.CSWTCH.7
                0x802de2ac       0x10 out\obj\custom\custom_main\src\app_mode.ram.o
 .rodata.app_mode_init.str1.1
                0x802de2bc        0x9 out\obj\custom\custom_main\src\app_mode.ram.o
 .rodata.app_mode_set.str1.1
                0x802de2c5        0xe out\obj\custom\custom_main\src\app_mode.ram.o
                                 0x10 (size before relaxing)
 .rodata.app_util_format_rfc3339.str1.1
                0x802de2d3       0x20 out\obj\custom\custom_main\src\app_utils.ram.o
 .rodata.app_util_gen_boot_id.str1.1
                0x802de2f3        0xe out\obj\custom\custom_main\src\app_utils.ram.o
 .rodata.app_util_gen_loc_message_id.str1.1
                0x802de301       0x10 out\obj\custom\custom_main\src\app_utils.ram.o
 .rodata.app_mqtt_connect.str1.1
                0x802de311       0x49 out\obj\custom\custom_main\src\app_mqtt_client.ram.o
                                 0x4b (size before relaxing)
 .rodata.app_mqtt_init.str1.1
                0x802de35a        0x9 out\obj\custom\custom_main\src\app_mqtt_client.ram.o
 .rodata.app_mqtt_publish_rpc_response.str1.1
                0x802de363       0x21 out\obj\custom\custom_main\src\app_mqtt_client.ram.o
 .rodata.app_mqtt_publish_telemetry.str1.1
                0x802de384       0x18 out\obj\custom\custom_main\src\app_mqtt_client.ram.o
 .rodata.app_mqtt_subscribe_rpc.str1.1
                0x802de39c       0x1c out\obj\custom\custom_main\src\app_mqtt_client.ram.o
 .rodata.cb_connack.str1.1
                0x802de3b8       0x37 out\obj\custom\custom_main\src\app_mqtt_client.ram.o
 .rodata.cb_publish.str1.1
                0x802de3ef       0x13 out\obj\custom\custom_main\src\app_mqtt_client.ram.o
 .rodata.cb_suback.str1.1
                0x802de402       0x10 out\obj\custom\custom_main\src\app_mqtt_client.ram.o
                                 0x12 (size before relaxing)
 .rodata.cb_timeout.str1.1
                0x802de412       0x11 out\obj\custom\custom_main\src\app_mqtt_client.ram.o
                                 0x13 (size before relaxing)
 .rodata.mqtt_task.str1.1
                0x802de423       0x3d out\obj\custom\custom_main\src\app_mqtt_client.ram.o
 .rodata.app_protocol_build_command_result.str1.1
                0x802de460      0x19e out\obj\custom\custom_main\src\app_protocol.ram.o
                                0x1a0 (size before relaxing)
 .rodata.app_protocol_parse_rpc.str1.1
                0x802de5fe       0x5b out\obj\custom\custom_main\src\app_protocol.ram.o
                                 0x66 (size before relaxing)
 .rodata.json_get_string.part.0.str1.1
                0x802de659        0x5 out\obj\custom\custom_main\src\app_protocol.ram.o
 .rodata.app_command_handle.str1.1
                0x802de65e      0x1e3 out\obj\custom\custom_main\src\app_command.ram.o
                                0x1e5 (size before relaxing)
 .rodata.ota_progress_cb.str1.1
                0x802de841       0x4e out\obj\custom\custom_main\src\app_command.ram.o
                                 0x52 (size before relaxing)
 *fill*         0x802de88f        0x1 
 .rodata.CSWTCH.45
                0x802de890        0x8 out\obj\custom\custom_main\src\bsp.flash.o
 .rodata.CSWTCH.46
                0x802de898        0x8 out\obj\custom\custom_main\src\bsp.flash.o
 .rodata.bsp_buzzer_beep_async.str1.1
                0x802de8a0        0xa out\obj\custom\custom_main\src\bsp.flash.o
 .rodata.bsp_gps_open.str1.1
                0x802de8aa       0x13 out\obj\custom\custom_main\src\bsp.flash.o
                                 0x15 (size before relaxing)
 .rodata.bsp_gps_parse_nmea.str1.1
                0x802de8bd        0x8 out\obj\custom\custom_main\src\bsp.flash.o
                                 0x12 (size before relaxing)
 .rodata.bsp_gps_send_nmea.part.3.str1.1
                0x802de8c5        0xb out\obj\custom\custom_main\src\bsp.flash.o
 .rodata.bsp_gps_set_power_mode.str1.1
                0x802de8d0        0xd out\obj\custom\custom_main\src\bsp.flash.o
 .rodata.bsp_gps_set_uart_baudrate.str1.1
                0x802de8dd       0x12 out\obj\custom\custom_main\src\bsp.flash.o
 .rodata.bsp_init.str1.1
                0x802de8ef       0x2c out\obj\custom\custom_main\src\bsp.flash.o
                                 0x2e (size before relaxing)
 .rodata.bsp_rgb_set_pattern.str1.1
                0x802de91b        0xa out\obj\custom\custom_main\src\bsp.flash.o
 .rodata.s_platform_cmd_colors
                0x802de925        0x3 out\obj\custom\custom_main\src\bsp.flash.o
 .rodata.app_storage_load_boot_info.str1.1
                0x802de928        0xd out\obj\custom\custom_main\src\app_storage.flash.o
 .rodata.storage_write_file.str1.1
                0x802de935       0x16 out\obj\custom\custom_main\src\app_storage.flash.o
                                 0x18 (size before relaxing)
 .rodata.app_offline_cache_init.str1.1
                0x802de94b       0x2f out\obj\custom\custom_main\src\app_offline_cache.flash.o
                                 0x31 (size before relaxing)
 .rodata.app_ota_start.str1.1
                0x802de97a        0x9 out\obj\custom\custom_main\src\app_ota.flash.o
 .rodata.http_cb.str1.1
                0x802de983       0x56 out\obj\custom\custom_main\src\app_ota.flash.o
                                 0x5a (size before relaxing)
 .rodata.ota_task.str1.1
                0x802de9d9       0x87 out\obj\custom\custom_main\src\app_ota.flash.o
                                 0x89 (size before relaxing)
 .rodata.app_lbs_cb.str1.1
                0x802dea60       0x17 out\obj\custom\custom_main\src\app_lbs.flash.o
                                 0x19 (size before relaxing)
 .rodata.app_lbs_get_location.str1.1
                0x802dea77      0x123 out\obj\custom\custom_main\src\app_lbs.flash.o
                                0x127 (size before relaxing)
 .rodata.__func__.10303
                0x802deb9a       0x16 prebuild\libs\libmqtt_ftp.a(cm_mqtt_client.flash.o)
 .rodata.__mqtt_client_dns_cb.str1.1
                0x802debb0       0x24 prebuild\libs\libmqtt_ftp.a(cm_mqtt_client.flash.o)
 .rodata.__mqtt_client_handle_publish_pkt.str1.1
                0x802debd4       0x51 prebuild\libs\libmqtt_ftp.a(cm_mqtt_client.flash.o)
 .rodata.__mqtt_client_open_by_eloop.str1.1
                0x802dec25       0x76 prebuild\libs\libmqtt_ftp.a(cm_mqtt_client.flash.o)
 .rodata.__mqtt_client_recv.str1.1
                0x802dec9b       0x91 prebuild\libs\libmqtt_ftp.a(cm_mqtt_client.flash.o)
 .rodata.__mqtt_client_send_data.str1.1
                0x802ded2c       0x16 prebuild\libs\libmqtt_ftp.a(cm_mqtt_client.flash.o)
 .rodata.__mqtt_client_sock_cb.str1.1
                0x802ded42       0x94 prebuild\libs\libmqtt_ftp.a(cm_mqtt_client.flash.o)
 .rodata.__mqtt_client_tsk_loop.str1.1
                0x802dedd6       0xc8 prebuild\libs\libmqtt_ftp.a(cm_mqtt_client.flash.o)
 .rodata.cm_mqtt_client_connect.str1.1
                0x802dee9e       0x39 prebuild\libs\libmqtt_ftp.a(cm_mqtt_client.flash.o)
 .rodata.cm_mqtt_client_destroy.str1.1
                0x802deed7       0x1f prebuild\libs\libmqtt_ftp.a(cm_mqtt_client.flash.o)
 .rodata.cm_mqtt_client_disconnect.str1.1
                0x802deef6       0x4e prebuild\libs\libmqtt_ftp.a(cm_mqtt_client.flash.o)
 .rodata.cm_mqtt_client_ping.str1.1
                0x802def44       0x46 prebuild\libs\libmqtt_ftp.a(cm_mqtt_client.flash.o)
 .rodata.cm_mqtt_client_publish.str1.1
                0x802def8a       0x4f prebuild\libs\libmqtt_ftp.a(cm_mqtt_client.flash.o)
 .rodata.cm_mqtt_client_subscribe.str1.1
                0x802defd9       0x56 prebuild\libs\libmqtt_ftp.a(cm_mqtt_client.flash.o)
 .rodata.cm_mqtt_timing_update.str1.1
                0x802df02f       0x21 prebuild\libs\libmqtt_ftp.a(cm_mqtt_timing.flash.o)
 .rodata.MQTTSerialize_connect.str1.1
                0x802df050        0xc prebuild\libs\libmqtt_ftp.a(MQTTConnectClient.flash.o)
 .rodata.__ieee754_pow.str1.4
                0x802df05c        0x0 d:/work/git_repo/app_tracker/3_software/confidential_ml307c-dc-cn_opencpu_standard_1.0.0.2504221759_release/tools/toolchain/gcc-arm-none-eabi/bin/../lib/gcc/arm-none-eabi/8.3.1/../../../../arm-none-eabi/lib/thumb/v7/nofp\libm.a(lib_a-e_pow.o)
                                  0x1 (size before relaxing)
 *fill*         0x802df05c        0x4 
 .rodata.TWO52  0x802df060       0x10 d:/work/git_repo/app_tracker/3_software/confidential_ml307c-dc-cn_opencpu_standard_1.0.0.2504221759_release/tools/toolchain/gcc-arm-none-eabi/bin/../lib/gcc/arm-none-eabi/8.3.1/../../../../arm-none-eabi/lib/thumb/v7/nofp\libm.a(lib_a-s_rint.o)
 .rodata._ctype_
                0x802df070      0x101 d:/work/git_repo/app_tracker/3_software/confidential_ml307c-dc-cn_opencpu_standard_1.0.0.2504221759_release/tools/toolchain/gcc-arm-none-eabi/bin/../lib/gcc/arm-none-eabi/8.3.1/../../../../arm-none-eabi/lib/thumb/v7/nofp\libc.a(lib_a-ctype_.o)
                0x802df070                _ctype_
 *fill*         0x802df171        0x3 
 .rodata._strtod_l.str1.4
                0x802df174        0xf d:/work/git_repo/app_tracker/3_software/confidential_ml307c-dc-cn_opencpu_standard_1.0.0.2504221759_release/tools/toolchain/gcc-arm-none-eabi/bin/../lib/gcc/arm-none-eabi/8.3.1/../../../../arm-none-eabi/lib/thumb/v7/nofp\libc.a(lib_a-strtod.o)
                                 0x11 (size before relaxing)
 *fill*         0x802df183        0x1 
 .rodata.fpi.6207
                0x802df184       0x14 d:/work/git_repo/app_tracker/3_software/confidential_ml307c-dc-cn_opencpu_standard_1.0.0.2504221759_release/tools/toolchain/gcc-arm-none-eabi/bin/../lib/gcc/arm-none-eabi/8.3.1/../../../../arm-none-eabi/lib/thumb/v7/nofp\libc.a(lib_a-strtod.o)
 .rodata.fpinan.6243
                0x802df198       0x14 d:/work/git_repo/app_tracker/3_software/confidential_ml307c-dc-cn_opencpu_standard_1.0.0.2504221759_release/tools/toolchain/gcc-arm-none-eabi/bin/../lib/gcc/arm-none-eabi/8.3.1/../../../../arm-none-eabi/lib/thumb/v7/nofp\libc.a(lib_a-strtod.o)
 *fill*         0x802df1ac        0x4 
 .rodata.tinytens
                0x802df1b0       0x28 d:/work/git_repo/app_tracker/3_software/confidential_ml307c-dc-cn_opencpu_standard_1.0.0.2504221759_release/tools/toolchain/gcc-arm-none-eabi/bin/../lib/gcc/arm-none-eabi/8.3.1/../../../../arm-none-eabi/lib/thumb/v7/nofp\libc.a(lib_a-strtod.o)
 .rodata._svfprintf_r.str1.4
                0x802df1d8       0x42 d:/work/git_repo/app_tracker/3_software/confidential_ml307c-dc-cn_opencpu_standard_1.0.0.2504221759_release/tools/toolchain/gcc-arm-none-eabi/bin/../lib/gcc/arm-none-eabi/8.3.1/../../../../arm-none-eabi/lib/thumb/v7/nofp\libc.a(lib_a-svfprintf.o)
 *fill*         0x802df21a        0x2 
 .rodata.blanks.7355
                0x802df21c       0x10 d:/work/git_repo/app_tracker/3_software/confidential_ml307c-dc-cn_opencpu_standard_1.0.0.2504221759_release/tools/toolchain/gcc-arm-none-eabi/bin/../lib/gcc/arm-none-eabi/8.3.1/../../../../arm-none-eabi/lib/thumb/v7/nofp\libc.a(lib_a-svfprintf.o)
 .rodata.zeroes.7356
                0x802df22c       0x10 d:/work/git_repo/app_tracker/3_software/confidential_ml307c-dc-cn_opencpu_standard_1.0.0.2504221759_release/tools/toolchain/gcc-arm-none-eabi/bin/../lib/gcc/arm-none-eabi/8.3.1/../../../../arm-none-eabi/lib/thumb/v7/nofp\libc.a(lib_a-svfprintf.o)
 .rodata.__ssvfscanf_r.str1.4
                0x802df23c        0x5 d:/work/git_repo/app_tracker/3_software/confidential_ml307c-dc-cn_opencpu_standard_1.0.0.2504221759_release/tools/toolchain/gcc-arm-none-eabi/bin/../lib/gcc/arm-none-eabi/8.3.1/../../../../arm-none-eabi/lib/thumb/v7/nofp\libc.a(lib_a-svfscanf.o)
                                  0x9 (size before relaxing)
 *fill*         0x802df241        0x3 
 .rodata.basefix.7424
                0x802df244       0x22 d:/work/git_repo/app_tracker/3_software/confidential_ml307c-dc-cn_opencpu_standard_1.0.0.2504221759_release/tools/toolchain/gcc-arm-none-eabi/bin/../lib/gcc/arm-none-eabi/8.3.1/../../../../arm-none-eabi/lib/thumb/v7/nofp\libc.a(lib_a-svfscanf.o)
 *fill*         0x802df266        0x2 
 .rodata._dtoa_r.str1.4
                0x802df268        0xd d:/work/git_repo/app_tracker/3_software/confidential_ml307c-dc-cn_opencpu_standard_1.0.0.2504221759_release/tools/toolchain/gcc-arm-none-eabi/bin/../lib/gcc/arm-none-eabi/8.3.1/../../../../arm-none-eabi/lib/thumb/v7/nofp\libc.a(lib_a-dtoa.o)
                                 0x12 (size before relaxing)
 *fill*         0x802df275        0x3 
 .rodata.__hexdig
                0x802df278      0x100 d:/work/git_repo/app_tracker/3_software/confidential_ml307c-dc-cn_opencpu_standard_1.0.0.2504221759_release/tools/toolchain/gcc-arm-none-eabi/bin/../lib/gcc/arm-none-eabi/8.3.1/../../../../arm-none-eabi/lib/thumb/v7/nofp\libc.a(lib_a-gdtoa-gethex.o)
                0x802df278                __hexdig
 .rodata._C_numeric_locale
                0x802df378        0xc d:/work/git_repo/app_tracker/3_software/confidential_ml307c-dc-cn_opencpu_standard_1.0.0.2504221759_release/tools/toolchain/gcc-arm-none-eabi/bin/../lib/gcc/arm-none-eabi/8.3.1/../../../../arm-none-eabi/lib/thumb/v7/nofp\libc.a(lib_a-lnumeric.o)
                0x802df378                _C_numeric_locale
 .rodata.str1.4
                0x802df384        0x2 d:/work/git_repo/app_tracker/3_software/confidential_ml307c-dc-cn_opencpu_standard_1.0.0.2504221759_release/tools/toolchain/gcc-arm-none-eabi/bin/../lib/gcc/arm-none-eabi/8.3.1/../../../../arm-none-eabi/lib/thumb/v7/nofp\libc.a(lib_a-lnumeric.o)
                                  0x5 (size before relaxing)
 *fill*         0x802df386        0x2 
 .rodata._setlocale_r.str1.4
                0x802df388        0xc d:/work/git_repo/app_tracker/3_software/confidential_ml307c-dc-cn_opencpu_standard_1.0.0.2504221759_release/tools/toolchain/gcc-arm-none-eabi/bin/../lib/gcc/arm-none-eabi/8.3.1/../../../../arm-none-eabi/lib/thumb/v7/nofp\libc.a(lib_a-locale.o)
                                  0xd (size before relaxing)
 .rodata.str1.4
                0x802df394        0x2 d:/work/git_repo/app_tracker/3_software/confidential_ml307c-dc-cn_opencpu_standard_1.0.0.2504221759_release/tools/toolchain/gcc-arm-none-eabi/bin/../lib/gcc/arm-none-eabi/8.3.1/../../../../arm-none-eabi/lib/thumb/v7/nofp\libc.a(lib_a-locale.o)
 .rodata._mbrtowc_r.str1.4
                0x802df394        0x1 d:/work/git_repo/app_tracker/3_software/confidential_ml307c-dc-cn_opencpu_standard_1.0.0.2504221759_release/tools/toolchain/gcc-arm-none-eabi/bin/../lib/gcc/arm-none-eabi/8.3.1/../../../../arm-none-eabi/lib/thumb/v7/nofp\libc.a(lib_a-mbrtowc.o)
 *fill*         0x802df394        0x4 
 .rodata.__mprec_bigtens
                0x802df398       0x28 d:/work/git_repo/app_tracker/3_software/confidential_ml307c-dc-cn_opencpu_standard_1.0.0.2504221759_release/tools/toolchain/gcc-arm-none-eabi/bin/../lib/gcc/arm-none-eabi/8.3.1/../../../../arm-none-eabi/lib/thumb/v7/nofp\libc.a(lib_a-mprec.o)
                0x802df398                __mprec_bigtens
 .rodata.__mprec_tens
                0x802df3c0       0xc8 d:/work/git_repo/app_tracker/3_software/confidential_ml307c-dc-cn_opencpu_standard_1.0.0.2504221759_release/tools/toolchain/gcc-arm-none-eabi/bin/../lib/gcc/arm-none-eabi/8.3.1/../../../../arm-none-eabi/lib/thumb/v7/nofp\libc.a(lib_a-mprec.o)
                0x802df3c0                __mprec_tens
 .rodata.p05.6125
                0x802df488        0xc d:/work/git_repo/app_tracker/3_software/confidential_ml307c-dc-cn_opencpu_standard_1.0.0.2504221759_release/tools/toolchain/gcc-arm-none-eabi/bin/../lib/gcc/arm-none-eabi/8.3.1/../../../../arm-none-eabi/lib/thumb/v7/nofp\libc.a(lib_a-mprec.o)
                0x802df494                __rodata_vma_end = .
                0x802df498                . = ALIGN (0x8)
 *fill*         0x802df494        0x4 
                0x802dd6e8                __rodata_lma_start = LOADADDR (.rodata)

.ARM.exidx      0x802df498        0x8
 .ARM.exidx     0x802df498        0x8 d:/work/git_repo/app_tracker/3_software/confidential_ml307c-dc-cn_opencpu_standard_1.0.0.2504221759_release/tools/toolchain/gcc-arm-none-eabi/bin/../lib/gcc/arm-none-eabi/8.3.1/thumb/v7/nofp\libgcc.a(_udivmoddi4.o)
                0x7e1d2000                . = ORIGIN (ram)
                0x7e1d2000                __ram_start = .

.sramtext       0x7e1d2000     0xdca8 load address 0x802df4a0
                0x7e1d2000                __sramtext_vma_start = .
 *cm_stub.o(.text .text.* .gnu.linkonce.t.* .glue_7 .glue_7t .vfp11_veneer .v4_bx)
 .text          0x7e1d2000      0x9c0 prebuild\libs\cm_stub.o
                0x7e1d2000                osKernelLock
                0x7e1d2004                osKernelUnlock
                0x7e1d2008                osKernelGetTickFreq
                0x7e1d200c                osKernelGetTickCount
                0x7e1d2010                osThreadNew
                0x7e1d2014                osThreadGetName
                0x7e1d2018                osThreadGetId
                0x7e1d201c                osThreadGetState
                0x7e1d2020                osThreadGetStackSize
                0x7e1d2024                osThreadGetStackSpace
                0x7e1d2028                osThreadExit
                0x7e1d202c                osThreadTerminate
                0x7e1d2030                osThreadSetPriority
                0x7e1d2034                osThreadGetPriority
                0x7e1d2038                osThreadSuspend
                0x7e1d203c                osThreadResume
                0x7e1d2040                osThreadYield
                0x7e1d2044                osThreadGetCount
                0x7e1d2048                osDelay
                0x7e1d204c                osTimerNew
                0x7e1d2050                osTimerGetName
                0x7e1d2054                osTimerStart
                0x7e1d2058                osTimerStop
                0x7e1d205c                osTimerIsRunning
                0x7e1d2060                osTimerDelete
                0x7e1d2064                osEventFlagsNew
                0x7e1d2068                osEventFlagsSet
                0x7e1d206c                osEventFlagsGet
                0x7e1d2070                osEventFlagsClear
                0x7e1d2074                osEventFlagsWait
                0x7e1d2078                osEventFlagsDelete
                0x7e1d207c                osMutexNew
                0x7e1d2080                osMutexAcquire
                0x7e1d2084                osMutexRelease
                0x7e1d2088                osMutexGetOwner
                0x7e1d208c                osMutexDelete
                0x7e1d2090                osSemaphoreNew
                0x7e1d2094                osSemaphoreAcquire
                0x7e1d2098                osSemaphoreRelease
                0x7e1d209c                osSemaphoreGetCount
                0x7e1d20a0                osSemaphoreDelete
                0x7e1d20a4                osMessageQueueGetCapacity
                0x7e1d20a8                osMessageQueueGetMsgSize
                0x7e1d20ac                osMessageQueueGetCount
                0x7e1d20b0                osMessageQueueGetSpace
                0x7e1d20b4                osMessageQueueReset
                0x7e1d20b8                osMessageQueueDelete
                0x7e1d20bc                osMessageQueueGet
                0x7e1d20c0                osMessageQueueNew
                0x7e1d20c4                osMessageQueuePut
                0x7e1d20c8                cm_uart_open
                0x7e1d20cc                cm_uart_register_event
                0x7e1d20d0                cm_uart_close
                0x7e1d20d4                cm_uart_write
                0x7e1d20d8                cm_uart_read
                0x7e1d20dc                cm_uart_get_cfg
                0x7e1d20e0                cm_uart_get_rxrb_data_len
                0x7e1d20e4                cm_uart_clean
                0x7e1d20e8                cm_uart_is_sending
                0x7e1d20ec                cm_mem_get_heap_stats
                0x7e1d20f0                cm_malloc
                0x7e1d20f4                cm_realloc
                0x7e1d20f8                cm_calloc
                0x7e1d20fc                cm_free
                0x7e1d2100                cm_sys_get_imei
                0x7e1d2104                cm_sys_get_sn
                0x7e1d2108                cm_sys_get_cm_ver
                0x7e1d210c                cm_log_printf
                0x7e1d2110                cm_assert
                0x7e1d2114                cm_fs_open
                0x7e1d2118                cm_fs_close
                0x7e1d211c                cm_fs_read
                0x7e1d2120                cm_fs_write
                0x7e1d2124                cm_fs_sync
                0x7e1d2128                cm_fs_seek
                0x7e1d212c                cm_fs_delete
                0x7e1d2130                cm_fs_move
                0x7e1d2134                cm_fs_exist
                0x7e1d2138                cm_fs_filesize
                0x7e1d213c                cm_fs_getinfo
                0x7e1d2140                cm_rtc_set_timezone
                0x7e1d2144                cm_rtc_get_timezone
                0x7e1d2148                cm_rtc_set_current_time
                0x7e1d214c                cm_rtc_get_current_time
                0x7e1d2150                cm_rtc_register_alarm_cb
                0x7e1d2154                cm_rtc_enable_alarm
                0x7e1d2158                cm_rtc_set_alarm
                0x7e1d215c                cm_rtc_get_alarm
                0x7e1d2160                cm_sim_get_imsi
                0x7e1d2164                cm_gpio_init
                0x7e1d2168                cm_gpio_deinit
                0x7e1d216c                cm_gpio_set_level
                0x7e1d2170                cm_gpio_get_level
                0x7e1d2174                cm_gpio_set_pull
                0x7e1d2178                cm_gpio_get_pull
                0x7e1d217c                cm_gpio_set_direction
                0x7e1d2180                cm_gpio_get_direction
                0x7e1d2184                cm_gpio_interrupt_register
                0x7e1d2188                cm_gpio_interrupt_enable
                0x7e1d218c                cm_gpio_interrupt_disable
                0x7e1d2190                cm_gpio_ioctl
                0x7e1d2194                cm_iomux_set_pin_func
                0x7e1d2198                cm_iomux_get_pin_func
                0x7e1d219c                cm_iomux_set_pin_cmd
                0x7e1d21a0                cm_pm_reboot
                0x7e1d21a4                cm_pm_poweroff
                0x7e1d21a8                cm_pm_get_power_on_reason
                0x7e1d21ac                cm_pm_set_mode
                0x7e1d21b0                cm_pm_get_mode
                0x7e1d21b4                cm_pm_work_lock
                0x7e1d21b8                cm_pm_work_unlock
                0x7e1d21bc                cm_pm_init
                0x7e1d21c0                cm_pm_powerkey_regist_callback
                0x7e1d21c4                cm_keypad_config
                0x7e1d21c8                cm_keypad_init
                0x7e1d21cc                cm_keypad_register
                0x7e1d21d0                cm_keypad_unregister
                0x7e1d21d4                cm_keypad_deinit
                0x7e1d21d8                cm_keypad_sleep
                0x7e1d21dc                cm_pwm_set_clk
                0x7e1d21e0                cm_pwm_open_ns
                0x7e1d21e4                cm_pwm_close
                0x7e1d21e8                cm_lbs_init
                0x7e1d21ec                cm_lbs_deinit
                0x7e1d21f0                cm_lbs_location
                0x7e1d21f4                cm_lbs_get_attr
                0x7e1d21f8                cm_asocket_eloop
                0x7e1d21fc                cm_asocket_open
                0x7e1d2200                cm_asocket_connect
                0x7e1d2204                cm_asocket_close
                0x7e1d2208                cm_async_dns_set_priority
                0x7e1d220c                cm_async_dns_eloop
                0x7e1d2210                cm_async_dns_request_ex
                0x7e1d2214                cm_async_dns_get_type_by_priority
                0x7e1d2218                cm_get_active_cid
                0x7e1d221c                cm_eloop_create
                0x7e1d2220                cm_eloop_delete
                0x7e1d2224                cm_eloop_wait_event
                0x7e1d2228                cm_eloop_register_event
                0x7e1d222c                cm_eloop_unregister_event
                0x7e1d2230                cm_eloop_post_event
                0x7e1d2234                cm_eloop_default
                0x7e1d2238                cm_get_ipv4v6_local_addr
                0x7e1d223c                lwip_socket_init
                0x7e1d2240                lwip_accept
                0x7e1d2244                lwip_bind
                0x7e1d2248                lwip_shutdown
                0x7e1d224c                lwip_shutdown2
                0x7e1d2250                lwip_getsockname
                0x7e1d2254                lwip_getpeername
                0x7e1d2258                lwip_setsockopt
                0x7e1d225c                lwip_getsockopt
                0x7e1d2260                lwip_close
                0x7e1d2264                lwip_close2
                0x7e1d2268                lwip_connect
                0x7e1d226c                lwip_listen
                0x7e1d2270                lwip_recv
                0x7e1d2274                lwip_read
                0x7e1d2278                lwip_recvfrom
                0x7e1d227c                lwip_send
                0x7e1d2280                lwip_sendto
                0x7e1d2284                lwip_socket
                0x7e1d2288                lwip_socket_with_callback
                0x7e1d228c                lwip_write
                0x7e1d2290                lwip_select
                0x7e1d2294                lwip_ioctl
                0x7e1d2298                lwip_fcntl
                0x7e1d229c                lwip_eventfd
                0x7e1d22a0                lwip_getthreaderrno
                0x7e1d22a4                lwip_getsockvalid
                0x7e1d22a8                lwip_getsockerrno
                0x7e1d22ac                lwip_getsocktype
                0x7e1d22b0                lwip_getsocknetconn
                0x7e1d22b4                lwip_getsocktcppcb
                0x7e1d22b8                lwip_getsockudppcb
                0x7e1d22bc                lwip_get_sock_localport
                0x7e1d22c0                lwip_get_sock_remoteport
                0x7e1d22c4                lwip_get_sock_isipv6
                0x7e1d22c8                lwip_get_sock_pdu_offset
                0x7e1d22cc                lwip_trigger_process
                0x7e1d22d0                lwip_get_sock_localipXaddr
                0x7e1d22d4                lwip_get_sock_remoteipXaddr
                0x7e1d22d8                lwip_get_sock_vlanid
                0x7e1d22dc                readn
                0x7e1d22e0                writen
                0x7e1d22e4                readline
                0x7e1d22e8                lwip_readv
                0x7e1d22ec                lwip_writev
                0x7e1d22f0                lwip_recvmsg
                0x7e1d22f4                lwip_sendmsg
                0x7e1d22f8                ipaddr_addr
                0x7e1d22fc                ipaddr_aton
                0x7e1d2300                ipaddr_ntoa
                0x7e1d2304                ip6addr_aton
                0x7e1d2308                ip6addr_ntoa
                0x7e1d230c                inet_ntop
                0x7e1d2310                inet_pton
                0x7e1d2314                lwip_gethostbyname
                0x7e1d2318                lwip_getaddrinfo
                0x7e1d231c                lwip_freeaddrinfo
                0x7e1d2320                get_lwip_errno
                0x7e1d2324                cm_fota_set_url
                0x7e1d2328                cm_fota_read_config
                0x7e1d232c                cm_fota_exec_upgrade
                0x7e1d2330                cm_fota_set_reboot_time
                0x7e1d2334                cm_fota_res_callback_register
                0x7e1d2338                cm_ota_set_otasize
                0x7e1d233c                cm_ota_get_capacity
                0x7e1d2340                cm_ota_init
                0x7e1d2344                cm_ota_firmware_write
                0x7e1d2348                cm_ota_get_written_size
                0x7e1d234c                cm_ota_firmware_erase
                0x7e1d2350                cm_ota_upgrade
                0x7e1d2354                cm_httpclient_uri_encode
                0x7e1d2358                cm_httpclient_uri_encode_component
                0x7e1d235c                cm_httpclient_create
                0x7e1d2360                cm_httpclient_delete
                0x7e1d2364                cm_httpclient_is_busy
                0x7e1d2368                cm_httpclient_set_cfg
                0x7e1d236c                cm_httpclient_terminate
                0x7e1d2370                cm_httpclient_custom_header_set
                0x7e1d2374                cm_httpclient_custom_header_free
                0x7e1d2378                cm_httpclient_specific_header_set
                0x7e1d237c                cm_httpclient_specific_header_free
                0x7e1d2380                cm_httpclient_get_response_code
                0x7e1d2384                cm_httpclient_parse_header
                0x7e1d2388                cm_httpclient_sync_request
                0x7e1d238c                cm_httpclient_sync_free_data
                0x7e1d2390                cm_httpclient_request_start
                0x7e1d2394                cm_httpclient_request_send
                0x7e1d2398                cm_httpclient_request_end
                0x7e1d239c                cm_i2c_open
                0x7e1d23a0                cm_i2c_close
                0x7e1d23a4                cm_i2c_write
                0x7e1d23a8                cm_i2c_read
                0x7e1d23ac                cm_adc_read
                0x7e1d23b0                cm_adc_vbat_read
                0x7e1d23b4                cm_spi_open
                0x7e1d23b8                cm_spi_close
                0x7e1d23bc                cm_spi_write
                0x7e1d23c0                cm_spi_read
                0x7e1d23c4                cm_spi_write_then_read
                0x7e1d23c8                cm_ssl_setopt
                0x7e1d23cc                cm_ssl_close
                0x7e1d23d0                cm_ssl_write
                0x7e1d23d4                cm_ssl_read
                0x7e1d23d8                cm_ssl_check_pending
                0x7e1d23dc                cm_ssl_get_bytes_avail
                0x7e1d23e0                cm_ssl_conn_with_host
                0x7e1d23e4                cm_ssl_list_cipher
                0x7e1d23e8                cm_cpuinfo_record_start
                0x7e1d23ec                cm_cpuinfo_record_read
                0x7e1d23f0                cm_cpuinfo_record_stop
                0x7e1d23f4                cm_cpuinfo_get_cpuid
                0x7e1d23f8                cm_audio_play_set_cfg
                0x7e1d23fc                cm_audio_play_get_cfg
                0x7e1d2400                cm_audio_play_file
                0x7e1d2404                cm_audio_player_pause
                0x7e1d2408                cm_audio_player_resume
                0x7e1d240c                cm_audio_player_stop
                0x7e1d2410                cm_audio_player_stream_open
                0x7e1d2414                cm_audio_player_stream_push
                0x7e1d2418                cm_audio_player_stream_close
                0x7e1d241c                cm_audio_player_stream_clear_close
                0x7e1d2420                cm_audio_player_stream_cb_reg
                0x7e1d2424                cm_wifiscan_cfg
                0x7e1d2428                cm_wifiscan_start
                0x7e1d242c                cm_wifiscan_stop
                0x7e1d2430                cm_wifiscan_query
                0x7e1d2434                cm_virt_at_send_async
                0x7e1d2438                cm_virt_at_send_sync
                0x7e1d243c                cm_virt_at_urc_cb_reg
                0x7e1d2440                cm_virt_at_urc_cb_dereg
                0x7e1d2444                cm_sms_send_txt
                0x7e1d2448                cm_sms_send_pdu
                0x7e1d244c                cm_modem_info_cell
                0x7e1d2450                cm_modem_info_radio
                0x7e1d2454                cm_usb2com_register_recv_cb
                0x7e1d2458                cm_usb2com_send_data
                0x7e1d245c                cm_usb2com_register_status_cb
                0x7e1d2460                cm_usb2com_get_status
                0x7e1d2464                cm_lcd_write_cmd
                0x7e1d2468                cm_lcd_write_data
                0x7e1d246c                cm_lcd_write_buf
                0x7e1d2470                cm_lcd_init
                0x7e1d2474                cm_lcd_deinit
                0x7e1d2478                cm_lcd_read_id
                0x7e1d247c                cm_lwm2m_create
                0x7e1d2480                cm_lwm2m_delete
                0x7e1d2484                cm_lwm2m_add_obj
                0x7e1d2488                cm_lwm2m_del_obj
                0x7e1d248c                cm_lwm2m_discover
                0x7e1d2490                cm_lwm2m_open
                0x7e1d2494                cm_lwm2m_update
                0x7e1d2498                cm_lwm2m_close
                0x7e1d249c                cm_lwm2m_notify_packing
                0x7e1d24a0                cm_lwm2m_notify
                0x7e1d24a4                cm_lwm2m_read_rsp
                0x7e1d24a8                cm_lwm2m_write_rsp
                0x7e1d24ac                cm_lwm2m_execute_rsp
                0x7e1d24b0                cm_lwm2m_param_rsp
                0x7e1d24b4                cm_lwm2m_observe_rsp
                0x7e1d24b8                cm_ping_init
                0x7e1d24bc                cm_ping_start
                0x7e1d24c0                AudioHAL_AifBindCodec_CB
                0x7e1d24c4                vpathSetMode
                0x7e1d24c8                cm_onewire_init
                0x7e1d24cc                cm_onewire_setup_reset
                0x7e1d24d0                cm_onewire_write_byte
                0x7e1d24d4                cm_onewire_read_byte
                0x7e1d24d8                cm_onewire_write_data
                0x7e1d24dc                cm_onewire_read_data
 *.ram.o(.text .text.* .gnu.linkonce.t.* .glue_7 .glue_7t .vfp11_veneer .v4_bx)
 .text.key_event_cb
                0x7e1d29c0       0x18 out\obj\custom\custom_main\src\custom_main.ram.o
 .text.gps_rx_cb
                0x7e1d29d8       0xb4 out\obj\custom\custom_main\src\custom_main.ram.o
 .text.app_main_trigger_one_shot_location
                0x7e1d2a8c       0x14 out\obj\custom\custom_main\src\custom_main.ram.o
                0x7e1d2a8c                app_main_trigger_one_shot_location
 .text.app_main_request_shutdown
                0x7e1d2aa0       0x14 out\obj\custom\custom_main\src\custom_main.ram.o
                0x7e1d2aa0                app_main_request_shutdown
 .text.app_log_output
                0x7e1d2ab4       0xa8 out\obj\custom\custom_main\src\custom_main.ram.o
                0x7e1d2ab4                app_log_output
 .text.lbs_fallback_task
                0x7e1d2b5c       0xb4 out\obj\custom\custom_main\src\custom_main.ram.o
 .text.offline_replay_cb
                0x7e1d2c10       0x60 out\obj\custom\custom_main\src\custom_main.ram.o
 .text.publish_state
                0x7e1d2c70       0xf4 out\obj\custom\custom_main\src\custom_main.ram.o
 .text.handle_key_longpress
                0x7e1d2d64      0x21c out\obj\custom\custom_main\src\custom_main.ram.o
 .text.lbs_test_task
                0x7e1d2f80      0x20c out\obj\custom\custom_main\src\custom_main.ram.o
 .text.lbs_watchdog_task
                0x7e1d318c      0x12c out\obj\custom\custom_main\src\custom_main.ram.o
 .text.mqtt_event_cb
                0x7e1d32b8       0xdc out\obj\custom\custom_main\src\custom_main.ram.o
 .text.publish_location.constprop.4
                0x7e1d3394      0x2f8 out\obj\custom\custom_main\src\custom_main.ram.o
 .text.one_shot_loc_task
                0x7e1d368c      0x1e0 out\obj\custom\custom_main\src\custom_main.ram.o
 .text.main_task
                0x7e1d386c      0x7b8 out\obj\custom\custom_main\src\custom_main.ram.o
 .text.mode_lock
                0x7e1d4024       0x1c out\obj\custom\custom_main\src\app_mode.ram.o
 .text.mode_unlock
                0x7e1d4040       0x18 out\obj\custom\custom_main\src\app_mode.ram.o
 .text.app_mode_init
                0x7e1d4058       0x60 out\obj\custom\custom_main\src\app_mode.ram.o
                0x7e1d4058                app_mode_init
 .text.app_mode_get
                0x7e1d40b8       0x20 out\obj\custom\custom_main\src\app_mode.ram.o
                0x7e1d40b8                app_mode_get
 .text.app_mode_set
                0x7e1d40d8       0x84 out\obj\custom\custom_main\src\app_mode.ram.o
                0x7e1d40d8                app_mode_set
 .text.app_mode_find_dog_expired
                0x7e1d415c       0x54 out\obj\custom\custom_main\src\app_mode.ram.o
                0x7e1d415c                app_mode_find_dog_expired
 .text.app_mode_get_loc_interval_ms
                0x7e1d41b0       0x28 out\obj\custom\custom_main\src\app_mode.ram.o
                0x7e1d41b0                app_mode_get_loc_interval_ms
 .text.app_util_format_rfc3339
                0x7e1d41d8      0x198 out\obj\custom\custom_main\src\app_utils.ram.o
                0x7e1d41d8                app_util_format_rfc3339
 .text.app_util_gen_boot_id
                0x7e1d4370       0xc4 out\obj\custom\custom_main\src\app_utils.ram.o
                0x7e1d4370                app_util_gen_boot_id
 .text.app_util_gen_loc_message_id
                0x7e1d4434       0x2c out\obj\custom\custom_main\src\app_utils.ram.o
                0x7e1d4434                app_util_gen_loc_message_id
 .text.cb_timeout
                0x7e1d4460       0x20 out\obj\custom\custom_main\src\app_mqtt_client.ram.o
 .text.cb_suback
                0x7e1d4480       0x40 out\obj\custom\custom_main\src\app_mqtt_client.ram.o
 .text.cb_publish
                0x7e1d44c0       0x78 out\obj\custom\custom_main\src\app_mqtt_client.ram.o
 .text.cb_connack
                0x7e1d4538       0xb8 out\obj\custom\custom_main\src\app_mqtt_client.ram.o
 .text.app_mqtt_init
                0x7e1d45f0       0x54 out\obj\custom\custom_main\src\app_mqtt_client.ram.o
                0x7e1d45f0                app_mqtt_init
 .text.app_mqtt_connect
                0x7e1d4644      0x290 out\obj\custom\custom_main\src\app_mqtt_client.ram.o
                0x7e1d4644                app_mqtt_connect
 .text.mqtt_task
                0x7e1d48d4      0x10c out\obj\custom\custom_main\src\app_mqtt_client.ram.o
 .text.app_mqtt_disconnect
                0x7e1d49e0       0x98 out\obj\custom\custom_main\src\app_mqtt_client.ram.o
                0x7e1d49e0                app_mqtt_disconnect
 .text.app_mqtt_is_connected
                0x7e1d4a78       0x10 out\obj\custom\custom_main\src\app_mqtt_client.ram.o
                0x7e1d4a78                app_mqtt_is_connected
 .text.app_mqtt_publish_telemetry
                0x7e1d4a88       0xa0 out\obj\custom\custom_main\src\app_mqtt_client.ram.o
                0x7e1d4a88                app_mqtt_publish_telemetry
 .text.app_mqtt_publish_rpc_response
                0x7e1d4b28       0xdc out\obj\custom\custom_main\src\app_mqtt_client.ram.o
                0x7e1d4b28                app_mqtt_publish_rpc_response
 .text.app_mqtt_subscribe_rpc
                0x7e1d4c04       0x44 out\obj\custom\custom_main\src\app_mqtt_client.ram.o
                0x7e1d4c04                app_mqtt_subscribe_rpc
 .text.json_get_string.part.0
                0x7e1d4c48      0x128 out\obj\custom\custom_main\src\app_protocol.ram.o
 .text.json_get_int.part.1
                0x7e1d4d70       0xa0 out\obj\custom\custom_main\src\app_protocol.ram.o
 .text.app_protocol_build_command_result
                0x7e1d4e10      0x15c out\obj\custom\custom_main\src\app_protocol.ram.o
                0x7e1d4e10                app_protocol_build_command_result
 .text.app_protocol_parse_rpc
                0x7e1d4f6c      0x15c out\obj\custom\custom_main\src\app_protocol.ram.o
                0x7e1d4f6c                app_protocol_parse_rpc
 .text.app_protocol_extract_request_id
                0x7e1d50c8       0x64 out\obj\custom\custom_main\src\app_protocol.ram.o
                0x7e1d50c8                app_protocol_extract_request_id
 .text.ota_progress_cb
                0x7e1d512c       0x6c out\obj\custom\custom_main\src\app_command.ram.o
 .text.app_command_set_imei
                0x7e1d5198       0x2c out\obj\custom\custom_main\src\app_command.ram.o
                0x7e1d5198                app_command_set_imei
 .text.app_command_send_result
                0x7e1d51c4       0x88 out\obj\custom\custom_main\src\app_command.ram.o
                0x7e1d51c4                app_command_send_result
 .text.app_command_handle
                0x7e1d524c      0x360 out\obj\custom\custom_main\src\app_command.ram.o
                0x7e1d524c                app_command_handle
 *libm.a:(.text .text.* .gnu.linkonce.t.* .glue_7 .glue_7t .vfp11_veneer .v4_bx)
 .text.pow      0x7e1d55ac      0x190 d:/work/git_repo/app_tracker/3_software/confidential_ml307c-dc-cn_opencpu_standard_1.0.0.2504221759_release/tools/toolchain/gcc-arm-none-eabi/bin/../lib/gcc/arm-none-eabi/8.3.1/../../../../arm-none-eabi/lib/thumb/v7/nofp\libm.a(lib_a-w_pow.o)
                0x7e1d55ac                pow
 *fill*         0x7e1d573c        0x4 
 .text.__ieee754_pow
                0x7e1d5740      0xb5c d:/work/git_repo/app_tracker/3_software/confidential_ml307c-dc-cn_opencpu_standard_1.0.0.2504221759_release/tools/toolchain/gcc-arm-none-eabi/bin/../lib/gcc/arm-none-eabi/8.3.1/../../../../arm-none-eabi/lib/thumb/v7/nofp\libm.a(lib_a-e_pow.o)
                0x7e1d5740                __ieee754_pow
 .text.__ieee754_sqrt
                0x7e1d629c      0x19c d:/work/git_repo/app_tracker/3_software/confidential_ml307c-dc-cn_opencpu_standard_1.0.0.2504221759_release/tools/toolchain/gcc-arm-none-eabi/bin/../lib/gcc/arm-none-eabi/8.3.1/../../../../arm-none-eabi/lib/thumb/v7/nofp\libm.a(lib_a-e_sqrt.o)
                0x7e1d629c                __ieee754_sqrt
 .text.fabs     0x7e1d6438        0x8 d:/work/git_repo/app_tracker/3_software/confidential_ml307c-dc-cn_opencpu_standard_1.0.0.2504221759_release/tools/toolchain/gcc-arm-none-eabi/bin/../lib/gcc/arm-none-eabi/8.3.1/../../../../arm-none-eabi/lib/thumb/v7/nofp\libm.a(lib_a-s_fabs.o)
                0x7e1d6438                fabs
 .text.finite   0x7e1d6440        0xc d:/work/git_repo/app_tracker/3_software/confidential_ml307c-dc-cn_opencpu_standard_1.0.0.2504221759_release/tools/toolchain/gcc-arm-none-eabi/bin/../lib/gcc/arm-none-eabi/8.3.1/../../../../arm-none-eabi/lib/thumb/v7/nofp\libm.a(lib_a-s_finite.o)
                0x7e1d6440                finite
 .text.nan      0x7e1d644c        0xc d:/work/git_repo/app_tracker/3_software/confidential_ml307c-dc-cn_opencpu_standard_1.0.0.2504221759_release/tools/toolchain/gcc-arm-none-eabi/bin/../lib/gcc/arm-none-eabi/8.3.1/../../../../arm-none-eabi/lib/thumb/v7/nofp\libm.a(lib_a-s_nan.o)
                0x7e1d644c                nan
 .text.rint     0x7e1d6458      0x128 d:/work/git_repo/app_tracker/3_software/confidential_ml307c-dc-cn_opencpu_standard_1.0.0.2504221759_release/tools/toolchain/gcc-arm-none-eabi/bin/../lib/gcc/arm-none-eabi/8.3.1/../../../../arm-none-eabi/lib/thumb/v7/nofp\libm.a(lib_a-s_rint.o)
                0x7e1d6458                rint
 .text.scalbn   0x7e1d6580      0x110 d:/work/git_repo/app_tracker/3_software/confidential_ml307c-dc-cn_opencpu_standard_1.0.0.2504221759_release/tools/toolchain/gcc-arm-none-eabi/bin/../lib/gcc/arm-none-eabi/8.3.1/../../../../arm-none-eabi/lib/thumb/v7/nofp\libm.a(lib_a-s_scalbn.o)
                0x7e1d6580                scalbn
 *libc.a:(.text .text.* .gnu.linkonce.t.* .glue_7 .glue_7t .vfp11_veneer .v4_bx)
 .text.atof     0x7e1d6690        0x8 d:/work/git_repo/app_tracker/3_software/confidential_ml307c-dc-cn_opencpu_standard_1.0.0.2504221759_release/tools/toolchain/gcc-arm-none-eabi/bin/../lib/gcc/arm-none-eabi/8.3.1/../../../../arm-none-eabi/lib/thumb/v7/nofp\libc.a(lib_a-atof.o)
                0x7e1d6690                atof
 .text.atoi     0x7e1d6698        0x8 d:/work/git_repo/app_tracker/3_software/confidential_ml307c-dc-cn_opencpu_standard_1.0.0.2504221759_release/tools/toolchain/gcc-arm-none-eabi/bin/../lib/gcc/arm-none-eabi/8.3.1/../../../../arm-none-eabi/lib/thumb/v7/nofp\libc.a(lib_a-atoi.o)
                0x7e1d6698                atoi
 .text.__errno  0x7e1d66a0        0xc d:/work/git_repo/app_tracker/3_software/confidential_ml307c-dc-cn_opencpu_standard_1.0.0.2504221759_release/tools/toolchain/gcc-arm-none-eabi/bin/../lib/gcc/arm-none-eabi/8.3.1/../../../../arm-none-eabi/lib/thumb/v7/nofp\libc.a(lib_a-errno.o)
                0x7e1d66a0                __errno
 .text.malloc   0x7e1d66ac       0x10 d:/work/git_repo/app_tracker/3_software/confidential_ml307c-dc-cn_opencpu_standard_1.0.0.2504221759_release/tools/toolchain/gcc-arm-none-eabi/bin/../lib/gcc/arm-none-eabi/8.3.1/../../../../arm-none-eabi/lib/thumb/v7/nofp\libc.a(lib_a-malloc.o)
                0x7e1d66ac                malloc
 .text.free     0x7e1d66bc       0x10 d:/work/git_repo/app_tracker/3_software/confidential_ml307c-dc-cn_opencpu_standard_1.0.0.2504221759_release/tools/toolchain/gcc-arm-none-eabi/bin/../lib/gcc/arm-none-eabi/8.3.1/../../../../arm-none-eabi/lib/thumb/v7/nofp\libc.a(lib_a-malloc.o)
                0x7e1d66bc                free
 .text._malloc_r
                0x7e1d66cc      0x5a4 d:/work/git_repo/app_tracker/3_software/confidential_ml307c-dc-cn_opencpu_standard_1.0.0.2504221759_release/tools/toolchain/gcc-arm-none-eabi/bin/../lib/gcc/arm-none-eabi/8.3.1/../../../../arm-none-eabi/lib/thumb/v7/nofp\libc.a(lib_a-mallocr.o)
                0x7e1d66cc                _malloc_r
 .text.memcmp   0x7e1d6c70       0x60 d:/work/git_repo/app_tracker/3_software/confidential_ml307c-dc-cn_opencpu_standard_1.0.0.2504221759_release/tools/toolchain/gcc-arm-none-eabi/bin/../lib/gcc/arm-none-eabi/8.3.1/../../../../arm-none-eabi/lib/thumb/v7/nofp\libc.a(lib_a-memcmp.o)
                0x7e1d6c70                memcmp
 .text          0x7e1d6cd0       0xec d:/work/git_repo/app_tracker/3_software/confidential_ml307c-dc-cn_opencpu_standard_1.0.0.2504221759_release/tools/toolchain/gcc-arm-none-eabi/bin/../lib/gcc/arm-none-eabi/8.3.1/../../../../arm-none-eabi/lib/thumb/v7/nofp\libc.a(lib_a-memcpy.o)
                0x7e1d6cd0                memcpy
 .text.memmove  0x7e1d6dbc       0xd0 d:/work/git_repo/app_tracker/3_software/confidential_ml307c-dc-cn_opencpu_standard_1.0.0.2504221759_release/tools/toolchain/gcc-arm-none-eabi/bin/../lib/gcc/arm-none-eabi/8.3.1/../../../../arm-none-eabi/lib/thumb/v7/nofp\libc.a(lib_a-memmove.o)
                0x7e1d6dbc                memmove
 .text.memset   0x7e1d6e8c       0xa0 d:/work/git_repo/app_tracker/3_software/confidential_ml307c-dc-cn_opencpu_standard_1.0.0.2504221759_release/tools/toolchain/gcc-arm-none-eabi/bin/../lib/gcc/arm-none-eabi/8.3.1/../../../../arm-none-eabi/lib/thumb/v7/nofp\libc.a(lib_a-memset.o)
                0x7e1d6e8c                memset
 .text.__malloc_lock
                0x7e1d6f2c        0xc d:/work/git_repo/app_tracker/3_software/confidential_ml307c-dc-cn_opencpu_standard_1.0.0.2504221759_release/tools/toolchain/gcc-arm-none-eabi/bin/../lib/gcc/arm-none-eabi/8.3.1/../../../../arm-none-eabi/lib/thumb/v7/nofp\libc.a(lib_a-mlock.o)
                0x7e1d6f2c                __malloc_lock
 .text.__malloc_unlock
                0x7e1d6f38        0xc d:/work/git_repo/app_tracker/3_software/confidential_ml307c-dc-cn_opencpu_standard_1.0.0.2504221759_release/tools/toolchain/gcc-arm-none-eabi/bin/../lib/gcc/arm-none-eabi/8.3.1/../../../../arm-none-eabi/lib/thumb/v7/nofp\libc.a(lib_a-mlock.o)
                0x7e1d6f38                __malloc_unlock
 .text.srand    0x7e1d6f44       0x14 d:/work/git_repo/app_tracker/3_software/confidential_ml307c-dc-cn_opencpu_standard_1.0.0.2504221759_release/tools/toolchain/gcc-arm-none-eabi/bin/../lib/gcc/arm-none-eabi/8.3.1/../../../../arm-none-eabi/lib/thumb/v7/nofp\libc.a(lib_a-rand.o)
                0x7e1d6f44                srand
 .text.rand     0x7e1d6f58       0x44 d:/work/git_repo/app_tracker/3_software/confidential_ml307c-dc-cn_opencpu_standard_1.0.0.2504221759_release/tools/toolchain/gcc-arm-none-eabi/bin/../lib/gcc/arm-none-eabi/8.3.1/../../../../arm-none-eabi/lib/thumb/v7/nofp\libc.a(lib_a-rand.o)
                0x7e1d6f58                rand
 .text.realloc  0x7e1d6f9c       0x14 d:/work/git_repo/app_tracker/3_software/confidential_ml307c-dc-cn_opencpu_standard_1.0.0.2504221759_release/tools/toolchain/gcc-arm-none-eabi/bin/../lib/gcc/arm-none-eabi/8.3.1/../../../../arm-none-eabi/lib/thumb/v7/nofp\libc.a(lib_a-realloc.o)
                0x7e1d6f9c                realloc
 .text._realloc_r
                0x7e1d6fb0      0x374 d:/work/git_repo/app_tracker/3_software/confidential_ml307c-dc-cn_opencpu_standard_1.0.0.2504221759_release/tools/toolchain/gcc-arm-none-eabi/bin/../lib/gcc/arm-none-eabi/8.3.1/../../../../arm-none-eabi/lib/thumb/v7/nofp\libc.a(lib_a-reallocr.o)
                0x7e1d6fb0                _realloc_r
 .text._sbrk_r  0x7e1d7324       0x28 d:/work/git_repo/app_tracker/3_software/confidential_ml307c-dc-cn_opencpu_standard_1.0.0.2504221759_release/tools/toolchain/gcc-arm-none-eabi/bin/../lib/gcc/arm-none-eabi/8.3.1/../../../../arm-none-eabi/lib/thumb/v7/nofp\libc.a(lib_a-sbrkr.o)
                0x7e1d7324                _sbrk_r
 .text.snprintf
                0x7e1d734c       0x90 d:/work/git_repo/app_tracker/3_software/confidential_ml307c-dc-cn_opencpu_standard_1.0.0.2504221759_release/tools/toolchain/gcc-arm-none-eabi/bin/../lib/gcc/arm-none-eabi/8.3.1/../../../../arm-none-eabi/lib/thumb/v7/nofp\libc.a(lib_a-snprintf.o)
                0x7e1d734c                snprintf
 .text.sprintf  0x7e1d73dc       0x48 d:/work/git_repo/app_tracker/3_software/confidential_ml307c-dc-cn_opencpu_standard_1.0.0.2504221759_release/tools/toolchain/gcc-arm-none-eabi/bin/../lib/gcc/arm-none-eabi/8.3.1/../../../../arm-none-eabi/lib/thumb/v7/nofp\libc.a(lib_a-sprintf.o)
                0x7e1d73dc                sprintf
 .text.sscanf   0x7e1d7424       0x5c d:/work/git_repo/app_tracker/3_software/confidential_ml307c-dc-cn_opencpu_standard_1.0.0.2504221759_release/tools/toolchain/gcc-arm-none-eabi/bin/../lib/gcc/arm-none-eabi/8.3.1/../../../../arm-none-eabi/lib/thumb/v7/nofp\libc.a(lib_a-sscanf.o)
                0x7e1d7424                sscanf
 .text.__seofread
                0x7e1d7480        0x4 d:/work/git_repo/app_tracker/3_software/confidential_ml307c-dc-cn_opencpu_standard_1.0.0.2504221759_release/tools/toolchain/gcc-arm-none-eabi/bin/../lib/gcc/arm-none-eabi/8.3.1/../../../../arm-none-eabi/lib/thumb/v7/nofp\libc.a(lib_a-stdio.o)
                0x7e1d7480                __seofread
 .text.strchr   0x7e1d7484       0xe4 d:/work/git_repo/app_tracker/3_software/confidential_ml307c-dc-cn_opencpu_standard_1.0.0.2504221759_release/tools/toolchain/gcc-arm-none-eabi/bin/../lib/gcc/arm-none-eabi/8.3.1/../../../../arm-none-eabi/lib/thumb/v7/nofp\libc.a(lib_a-strchr.o)
                0x7e1d7484                strchr
 .text          0x7e1d7568      0x1bc d:/work/git_repo/app_tracker/3_software/confidential_ml307c-dc-cn_opencpu_standard_1.0.0.2504221759_release/tools/toolchain/gcc-arm-none-eabi/bin/../lib/gcc/arm-none-eabi/8.3.1/../../../../arm-none-eabi/lib/thumb/v7/nofp\libc.a(lib_a-strcmp.o)
                0x7e1d7568                strcmp
 .text.strcpy   0x7e1d7724       0xbc d:/work/git_repo/app_tracker/3_software/confidential_ml307c-dc-cn_opencpu_standard_1.0.0.2504221759_release/tools/toolchain/gcc-arm-none-eabi/bin/../lib/gcc/arm-none-eabi/8.3.1/../../../../arm-none-eabi/lib/thumb/v7/nofp\libc.a(lib_a-strcpy.o)
                0x7e1d7724                strcpy
 .text.strlen   0x7e1d77e0       0x5c d:/work/git_repo/app_tracker/3_software/confidential_ml307c-dc-cn_opencpu_standard_1.0.0.2504221759_release/tools/toolchain/gcc-arm-none-eabi/bin/../lib/gcc/arm-none-eabi/8.3.1/../../../../arm-none-eabi/lib/thumb/v7/nofp\libc.a(lib_a-strlen-stub.o)
                0x7e1d77e0                strlen
 .text.strncmp  0x7e1d783c       0xa4 d:/work/git_repo/app_tracker/3_software/confidential_ml307c-dc-cn_opencpu_standard_1.0.0.2504221759_release/tools/toolchain/gcc-arm-none-eabi/bin/../lib/gcc/arm-none-eabi/8.3.1/../../../../arm-none-eabi/lib/thumb/v7/nofp\libc.a(lib_a-strncmp.o)
                0x7e1d783c                strncmp
 .text.strncpy  0x7e1d78e0       0x80 d:/work/git_repo/app_tracker/3_software/confidential_ml307c-dc-cn_opencpu_standard_1.0.0.2504221759_release/tools/toolchain/gcc-arm-none-eabi/bin/../lib/gcc/arm-none-eabi/8.3.1/../../../../arm-none-eabi/lib/thumb/v7/nofp\libc.a(lib_a-strncpy.o)
                0x7e1d78e0                strncpy
 .text.strrchr  0x7e1d7960       0x24 d:/work/git_repo/app_tracker/3_software/confidential_ml307c-dc-cn_opencpu_standard_1.0.0.2504221759_release/tools/toolchain/gcc-arm-none-eabi/bin/../lib/gcc/arm-none-eabi/8.3.1/../../../../arm-none-eabi/lib/thumb/v7/nofp\libc.a(lib_a-strrchr.o)
                0x7e1d7960                strrchr